  BuildScene.cpp
C:\Users\josep\OneDrive\Documents\onnx_build\_deps\protobuf-src\src\google\protobuf\micro_string.h(83,25): warning C4267: '=': conversion from 'size_t' to 'uint32_t', possible loss of data
C:\Users\josep\OneDrive\Documents\onnx_build\_deps\protobuf-src\src\google\protobuf\micro_string.h(88,20): warning C4267: '=': conversion from 'size_t' to 'uint32_t', possible loss of data
C:\Users\josep\OneDrive\Documents\onnx_build\_deps\protobuf-src\src\google\protobuf\micro_string.h(96,14): warning C4267: '=': conversion from 'size_t' to 'uint32_t', possible loss of data
C:\Users\josep\OneDrive\Documents\onnx_build\_deps\protobuf-src\src\google\protobuf\repeated_ptr_field.h(1626,32): warning C4267: 'argument': conversion from 'size_t' to 'int', possible loss of data
C:\Users\josep\OneDrive\Documents\onnx_build\_deps\protobuf-src\src\google\protobuf\repeated_ptr_field.h(1631,54): warning C4267: 'argument': conversion from 'size_t' to 'int', possible loss of data
C:\Users\josep\OneDrive\Documents\onnx_build\_deps\protobuf-src\src\google\protobuf\repeated_ptr_field.h(1635,54): warning C4267: 'argument': conversion from 'size_t' to 'int', possible loss of data
C:\Users\josep\OneDrive\Documents\onnx_build\_deps\protobuf-src\src\google\protobuf\repeated_field.h(146,42): warning C4267: 'argument': conversion from 'size_t' to 'const _Ty', possible loss of data
          with
          [
              _Ty=int
          ]
C:\Users\josep\OneDrive\Documents\onnx_build\_deps\absl-src\absl\log\internal\check_op.h(425,1): warning C4018: '>=': signed/unsigned mismatch
C:\Users\josep\OneDrive\Documents\onnx_build\_deps\protobuf-src\src\google\protobuf\micro_string.h(77,7): message : see reference to function template instantiation 'const char *absl::lts_20250127::log_internal::Check_GEImpl<unsigned int,T>(const T1 &,const T2 &,const char *)' being compiled
          with
          [
              T=google::protobuf::internal::MicroString::LargeRepKind,
              T1=unsigned int,
              T2=google::protobuf::internal::MicroString::LargeRepKind
          ]
  CompileShader.cpp
C:\Users\josep\OneDrive\Documents\onnx_build\_deps\protobuf-src\src\google\protobuf\micro_string.h(83,25): warning C4267: '=': conversion from 'size_t' to 'uint32_t', possible loss of data
C:\Users\josep\OneDrive\Documents\onnx_build\_deps\protobuf-src\src\google\protobuf\micro_string.h(88,20): warning C4267: '=': conversion from 'size_t' to 'uint32_t', possible loss of data
C:\Users\josep\OneDrive\Documents\onnx_build\_deps\protobuf-src\src\google\protobuf\micro_string.h(96,14): warning C4267: '=': conversion from 'size_t' to 'uint32_t', possible loss of data
C:\Users\josep\OneDrive\Documents\onnx_build\_deps\protobuf-src\src\google\protobuf\repeated_ptr_field.h(1626,32): warning C4267: 'argument': conversion from 'size_t' to 'int', possible loss of data
C:\Users\josep\OneDrive\Documents\onnx_build\_deps\protobuf-src\src\google\protobuf\repeated_ptr_field.h(1631,54): warning C4267: 'argument': conversion from 'size_t' to 'int', possible loss of data
C:\Users\josep\OneDrive\Documents\onnx_build\_deps\protobuf-src\src\google\protobuf\repeated_ptr_field.h(1635,54): warning C4267: 'argument': conversion from 'size_t' to 'int', possible loss of data
C:\Users\josep\OneDrive\Documents\onnx_build\_deps\protobuf-src\src\google\protobuf\repeated_field.h(146,42): warning C4267: 'argument': conversion from 'size_t' to 'const _Ty', possible loss of data
          with
          [
              _Ty=int
          ]
C:\Users\josep\OneDrive\Documents\onnx_build\_deps\absl-src\absl\log\internal\check_op.h(425,1): warning C4018: '>=': signed/unsigned mismatch
C:\Users\josep\OneDrive\Documents\onnx_build\_deps\protobuf-src\src\google\protobuf\micro_string.h(77,7): message : see reference to function template instantiation 'const char *absl::lts_20250127::log_internal::Check_GEImpl<unsigned int,T>(const T1 &,const T2 &,const char *)' being compiled
          with
          [
              T=google::protobuf::internal::MicroString::LargeRepKind,
              T1=unsigned int,
              T2=google::protobuf::internal::MicroString::LargeRepKind
          ]
  ImportTextures.cpp
C:\Users\josep\OneDrive\Documents\onnx_build\_deps\protobuf-src\src\google\protobuf\micro_string.h(83,25): warning C4267: '=': conversion from 'size_t' to 'uint32_t', possible loss of data
C:\Users\josep\OneDrive\Documents\onnx_build\_deps\protobuf-src\src\google\protobuf\micro_string.h(88,20): warning C4267: '=': conversion from 'size_t' to 'uint32_t', possible loss of data
C:\Users\josep\OneDrive\Documents\onnx_build\_deps\protobuf-src\src\google\protobuf\micro_string.h(96,14): warning C4267: '=': conversion from 'size_t' to 'uint32_t', possible loss of data
C:\Users\josep\OneDrive\Documents\onnx_build\_deps\protobuf-src\src\google\protobuf\repeated_ptr_field.h(1626,32): warning C4267: 'argument': conversion from 'size_t' to 'int', possible loss of data
C:\Users\josep\OneDrive\Documents\onnx_build\_deps\protobuf-src\src\google\protobuf\repeated_ptr_field.h(1631,54): warning C4267: 'argument': conversion from 'size_t' to 'int', possible loss of data
C:\Users\josep\OneDrive\Documents\onnx_build\_deps\protobuf-src\src\google\protobuf\repeated_ptr_field.h(1635,54): warning C4267: 'argument': conversion from 'size_t' to 'int', possible loss of data
C:\Users\josep\OneDrive\Documents\onnx_build\_deps\protobuf-src\src\google\protobuf\repeated_field.h(146,42): warning C4267: 'argument': conversion from 'size_t' to 'const _Ty', possible loss of data
          with
          [
              _Ty=int
          ]
C:\Users\josep\OneDrive\Documents\onnx_build\_deps\absl-src\absl\log\internal\check_op.h(425,1): warning C4018: '>=': signed/unsigned mismatch
C:\Users\josep\OneDrive\Documents\onnx_build\_deps\protobuf-src\src\google\protobuf\micro_string.h(77,7): message : see reference to function template instantiation 'const char *absl::lts_20250127::log_internal::Check_GEImpl<unsigned int,T>(const T1 &,const T2 &,const char *)' being compiled
          with
          [
              T=google::protobuf::internal::MicroString::LargeRepKind,
              T1=unsigned int,
              T2=google::protobuf::internal::MicroString::LargeRepKind
          ]
  PopulateDescriptorHeaps.cpp
C:\Users\josep\OneDrive\Documents\onnx_build\_deps\protobuf-src\src\google\protobuf\micro_string.h(83,25): warning C4267: '=': conversion from 'size_t' to 'uint32_t', possible loss of data
C:\Users\josep\OneDrive\Documents\onnx_build\_deps\protobuf-src\src\google\protobuf\micro_string.h(88,20): warning C4267: '=': conversion from 'size_t' to 'uint32_t', possible loss of data
C:\Users\josep\OneDrive\Documents\onnx_build\_deps\protobuf-src\src\google\protobuf\micro_string.h(96,14): warning C4267: '=': conversion from 'size_t' to 'uint32_t', possible loss of data
C:\Users\josep\OneDrive\Documents\onnx_build\_deps\protobuf-src\src\google\protobuf\repeated_ptr_field.h(1626,32): warning C4267: 'argument': conversion from 'size_t' to 'int', possible loss of data
C:\Users\josep\OneDrive\Documents\onnx_build\_deps\protobuf-src\src\google\protobuf\repeated_ptr_field.h(1631,54): warning C4267: 'argument': conversion from 'size_t' to 'int', possible loss of data
C:\Users\josep\OneDrive\Documents\onnx_build\_deps\protobuf-src\src\google\protobuf\repeated_ptr_field.h(1635,54): warning C4267: 'argument': conversion from 'size_t' to 'int', possible loss of data
C:\Users\josep\OneDrive\Documents\onnx_build\_deps\protobuf-src\src\google\protobuf\repeated_field.h(146,42): warning C4267: 'argument': conversion from 'size_t' to 'const _Ty', possible loss of data
          with
          [
              _Ty=int
          ]
C:\Users\josep\OneDrive\Documents\onnx_build\_deps\absl-src\absl\log\internal\check_op.h(425,1): warning C4018: '>=': signed/unsigned mismatch
C:\Users\josep\OneDrive\Documents\onnx_build\_deps\protobuf-src\src\google\protobuf\micro_string.h(77,7): message : see reference to function template instantiation 'const char *absl::lts_20250127::log_internal::Check_GEImpl<unsigned int,T>(const T1 &,const T2 &,const char *)' being compiled
          with
          [
              T=google::protobuf::internal::MicroString::LargeRepKind,
              T1=unsigned int,
              T2=google::protobuf::internal::MicroString::LargeRepKind
          ]
  PushGenericMesh.cpp
C:\Users\josep\OneDrive\Documents\onnx_build\_deps\protobuf-src\src\google\protobuf\micro_string.h(83,25): warning C4267: '=': conversion from 'size_t' to 'uint32_t', possible loss of data
C:\Users\josep\OneDrive\Documents\onnx_build\_deps\protobuf-src\src\google\protobuf\micro_string.h(88,20): warning C4267: '=': conversion from 'size_t' to 'uint32_t', possible loss of data
C:\Users\josep\OneDrive\Documents\onnx_build\_deps\protobuf-src\src\google\protobuf\micro_string.h(96,14): warning C4267: '=': conversion from 'size_t' to 'uint32_t', possible loss of data
C:\Users\josep\OneDrive\Documents\onnx_build\_deps\protobuf-src\src\google\protobuf\repeated_ptr_field.h(1626,32): warning C4267: 'argument': conversion from 'size_t' to 'int', possible loss of data
C:\Users\josep\OneDrive\Documents\onnx_build\_deps\protobuf-src\src\google\protobuf\repeated_ptr_field.h(1631,54): warning C4267: 'argument': conversion from 'size_t' to 'int', possible loss of data
C:\Users\josep\OneDrive\Documents\onnx_build\_deps\protobuf-src\src\google\protobuf\repeated_ptr_field.h(1635,54): warning C4267: 'argument': conversion from 'size_t' to 'int', possible loss of data
C:\Users\josep\OneDrive\Documents\onnx_build\_deps\protobuf-src\src\google\protobuf\repeated_field.h(146,42): warning C4267: 'argument': conversion from 'size_t' to 'const _Ty', possible loss of data
          with
          [
              _Ty=int
          ]
C:\Users\josep\OneDrive\Documents\onnx_build\_deps\absl-src\absl\log\internal\check_op.h(425,1): warning C4018: '>=': signed/unsigned mismatch
C:\Users\josep\OneDrive\Documents\onnx_build\_deps\protobuf-src\src\google\protobuf\micro_string.h(77,7): message : see reference to function template instantiation 'const char *absl::lts_20250127::log_internal::Check_GEImpl<unsigned int,T>(const T1 &,const T2 &,const char *)' being compiled
          with
          [
              T=google::protobuf::internal::MicroString::LargeRepKind,
              T1=unsigned int,
              T2=google::protobuf::internal::MicroString::LargeRepKind
          ]
  PushLights.cpp
C:\Users\josep\OneDrive\Documents\onnx_build\_deps\protobuf-src\src\google\protobuf\micro_string.h(83,25): warning C4267: '=': conversion from 'size_t' to 'uint32_t', possible loss of data
C:\Users\josep\OneDrive\Documents\onnx_build\_deps\protobuf-src\src\google\protobuf\micro_string.h(88,20): warning C4267: '=': conversion from 'size_t' to 'uint32_t', possible loss of data
C:\Users\josep\OneDrive\Documents\onnx_build\_deps\protobuf-src\src\google\protobuf\micro_string.h(96,14): warning C4267: '=': conversion from 'size_t' to 'uint32_t', possible loss of data
C:\Users\josep\OneDrive\Documents\onnx_build\_deps\protobuf-src\src\google\protobuf\repeated_ptr_field.h(1626,32): warning C4267: 'argument': conversion from 'size_t' to 'int', possible loss of data
C:\Users\josep\OneDrive\Documents\onnx_build\_deps\protobuf-src\src\google\protobuf\repeated_ptr_field.h(1631,54): warning C4267: 'argument': conversion from 'size_t' to 'int', possible loss of data
C:\Users\josep\OneDrive\Documents\onnx_build\_deps\protobuf-src\src\google\protobuf\repeated_ptr_field.h(1635,54): warning C4267: 'argument': conversion from 'size_t' to 'int', possible loss of data
C:\Users\josep\OneDrive\Documents\onnx_build\_deps\protobuf-src\src\google\protobuf\repeated_field.h(146,42): warning C4267: 'argument': conversion from 'size_t' to 'const _Ty', possible loss of data
          with
          [
              _Ty=int
          ]
C:\Users\josep\OneDrive\Documents\onnx_build\_deps\absl-src\absl\log\internal\check_op.h(425,1): warning C4018: '>=': signed/unsigned mismatch
C:\Users\josep\OneDrive\Documents\onnx_build\_deps\protobuf-src\src\google\protobuf\micro_string.h(77,7): message : see reference to function template instantiation 'const char *absl::lts_20250127::log_internal::Check_GEImpl<unsigned int,T>(const T1 &,const T2 &,const char *)' being compiled
          with
          [
              T=google::protobuf::internal::MicroString::LargeRepKind,
              T1=unsigned int,
              T2=google::protobuf::internal::MicroString::LargeRepKind
          ]
  PushMaterials.cpp
C:\Users\josep\OneDrive\Documents\onnx_build\_deps\protobuf-src\src\google\protobuf\micro_string.h(83,25): warning C4267: '=': conversion from 'size_t' to 'uint32_t', possible loss of data
C:\Users\josep\OneDrive\Documents\onnx_build\_deps\protobuf-src\src\google\protobuf\micro_string.h(88,20): warning C4267: '=': conversion from 'size_t' to 'uint32_t', possible loss of data
C:\Users\josep\OneDrive\Documents\onnx_build\_deps\protobuf-src\src\google\protobuf\micro_string.h(96,14): warning C4267: '=': conversion from 'size_t' to 'uint32_t', possible loss of data
C:\Users\josep\OneDrive\Documents\onnx_build\_deps\protobuf-src\src\google\protobuf\repeated_ptr_field.h(1626,32): warning C4267: 'argument': conversion from 'size_t' to 'int', possible loss of data
C:\Users\josep\OneDrive\Documents\onnx_build\_deps\protobuf-src\src\google\protobuf\repeated_ptr_field.h(1631,54): warning C4267: 'argument': conversion from 'size_t' to 'int', possible loss of data
C:\Users\josep\OneDrive\Documents\onnx_build\_deps\protobuf-src\src\google\protobuf\repeated_ptr_field.h(1635,54): warning C4267: 'argument': conversion from 'size_t' to 'int', possible loss of data
C:\Users\josep\OneDrive\Documents\onnx_build\_deps\protobuf-src\src\google\protobuf\repeated_field.h(146,42): warning C4267: 'argument': conversion from 'size_t' to 'const _Ty', possible loss of data
          with
          [
              _Ty=int
          ]
D:\Programming\Research\OpenResearchEngine\Build\PushMaterials.cpp(170,116): warning C4244: 'argument': conversion from 'const _Ty' to 'float', possible loss of data
          with
          [
              _Ty=double
          ]
D:\Programming\Research\OpenResearchEngine\Build\PushMaterials.cpp(170,95): warning C4244: 'argument': conversion from 'const _Ty' to 'float', possible loss of data
          with
          [
              _Ty=double
          ]
D:\Programming\Research\OpenResearchEngine\Build\PushMaterials.cpp(170,74): warning C4244: 'argument': conversion from 'const _Ty' to 'float', possible loss of data
          with
          [
              _Ty=double
          ]
D:\Programming\Research\OpenResearchEngine\Build\PushMaterials.cpp(170,53): warning C4244: 'argument': conversion from 'const _Ty' to 'float', possible loss of data
          with
          [
              _Ty=double
          ]
D:\Programming\Research\OpenResearchEngine\Build\PushMaterials.cpp(179,34): warning C4244: '=': conversion from 'const double' to 'float', possible loss of data
D:\Programming\Research\OpenResearchEngine\Build\PushMaterials.cpp(188,32): warning C4244: '=': conversion from 'const double' to 'float', possible loss of data
D:\Programming\Research\OpenResearchEngine\Build\PushMaterials.cpp(197,32): warning C4244: '=': conversion from 'const double' to 'float', possible loss of data
C:\Users\josep\OneDrive\Documents\onnx_build\_deps\absl-src\absl\log\internal\check_op.h(425,1): warning C4018: '>=': signed/unsigned mismatch
C:\Users\josep\OneDrive\Documents\onnx_build\_deps\protobuf-src\src\google\protobuf\micro_string.h(77,7): message : see reference to function template instantiation 'const char *absl::lts_20250127::log_internal::Check_GEImpl<unsigned int,T>(const T1 &,const T2 &,const char *)' being compiled
          with
          [
              T=google::protobuf::internal::MicroString::LargeRepKind,
              T1=unsigned int,
              T2=google::protobuf::internal::MicroString::LargeRepKind
          ]
  PushMesh.cpp
C:\Users\josep\OneDrive\Documents\onnx_build\_deps\protobuf-src\src\google\protobuf\micro_string.h(83,25): warning C4267: '=': conversion from 'size_t' to 'uint32_t', possible loss of data
C:\Users\josep\OneDrive\Documents\onnx_build\_deps\protobuf-src\src\google\protobuf\micro_string.h(88,20): warning C4267: '=': conversion from 'size_t' to 'uint32_t', possible loss of data
C:\Users\josep\OneDrive\Documents\onnx_build\_deps\protobuf-src\src\google\protobuf\micro_string.h(96,14): warning C4267: '=': conversion from 'size_t' to 'uint32_t', possible loss of data
C:\Users\josep\OneDrive\Documents\onnx_build\_deps\protobuf-src\src\google\protobuf\repeated_ptr_field.h(1626,32): warning C4267: 'argument': conversion from 'size_t' to 'int', possible loss of data
C:\Users\josep\OneDrive\Documents\onnx_build\_deps\protobuf-src\src\google\protobuf\repeated_ptr_field.h(1631,54): warning C4267: 'argument': conversion from 'size_t' to 'int', possible loss of data
C:\Users\josep\OneDrive\Documents\onnx_build\_deps\protobuf-src\src\google\protobuf\repeated_ptr_field.h(1635,54): warning C4267: 'argument': conversion from 'size_t' to 'int', possible loss of data
C:\Users\josep\OneDrive\Documents\onnx_build\_deps\protobuf-src\src\google\protobuf\repeated_field.h(146,42): warning C4267: 'argument': conversion from 'size_t' to 'const _Ty', possible loss of data
          with
          [
              _Ty=int
          ]
C:\Users\josep\OneDrive\Documents\onnx_build\_deps\absl-src\absl\log\internal\check_op.h(425,1): warning C4018: '>=': signed/unsigned mismatch
C:\Users\josep\OneDrive\Documents\onnx_build\_deps\protobuf-src\src\google\protobuf\micro_string.h(77,7): message : see reference to function template instantiation 'const char *absl::lts_20250127::log_internal::Check_GEImpl<unsigned int,T>(const T1 &,const T2 &,const char *)' being compiled
          with
          [
              T=google::protobuf::internal::MicroString::LargeRepKind,
              T1=unsigned int,
              T2=google::protobuf::internal::MicroString::LargeRepKind
          ]
  PushRenderItems.cpp
C:\Users\josep\OneDrive\Documents\onnx_build\_deps\protobuf-src\src\google\protobuf\micro_string.h(83,25): warning C4267: '=': conversion from 'size_t' to 'uint32_t', possible loss of data
C:\Users\josep\OneDrive\Documents\onnx_build\_deps\protobuf-src\src\google\protobuf\micro_string.h(88,20): warning C4267: '=': conversion from 'size_t' to 'uint32_t', possible loss of data
C:\Users\josep\OneDrive\Documents\onnx_build\_deps\protobuf-src\src\google\protobuf\micro_string.h(96,14): warning C4267: '=': conversion from 'size_t' to 'uint32_t', possible loss of data
C:\Users\josep\OneDrive\Documents\onnx_build\_deps\protobuf-src\src\google\protobuf\repeated_ptr_field.h(1626,32): warning C4267: 'argument': conversion from 'size_t' to 'int', possible loss of data
C:\Users\josep\OneDrive\Documents\onnx_build\_deps\protobuf-src\src\google\protobuf\repeated_ptr_field.h(1631,54): warning C4267: 'argument': conversion from 'size_t' to 'int', possible loss of data
C:\Users\josep\OneDrive\Documents\onnx_build\_deps\protobuf-src\src\google\protobuf\repeated_ptr_field.h(1635,54): warning C4267: 'argument': conversion from 'size_t' to 'int', possible loss of data
C:\Users\josep\OneDrive\Documents\onnx_build\_deps\protobuf-src\src\google\protobuf\repeated_field.h(146,42): warning C4267: 'argument': conversion from 'size_t' to 'const _Ty', possible loss of data
          with
          [
              _Ty=int
          ]
C:\Users\josep\OneDrive\Documents\onnx_build\_deps\absl-src\absl\log\internal\check_op.h(425,1): warning C4018: '>=': signed/unsigned mismatch
C:\Users\josep\OneDrive\Documents\onnx_build\_deps\protobuf-src\src\google\protobuf\micro_string.h(77,7): message : see reference to function template instantiation 'const char *absl::lts_20250127::log_internal::Check_GEImpl<unsigned int,T>(const T1 &,const T2 &,const char *)' being compiled
          with
          [
              T=google::protobuf::internal::MicroString::LargeRepKind,
              T1=unsigned int,
              T2=google::protobuf::internal::MicroString::LargeRepKind
          ]
  SerializeLevel.cpp
C:\Users\josep\OneDrive\Documents\onnx_build\_deps\protobuf-src\src\google\protobuf\micro_string.h(83,25): warning C4267: '=': conversion from 'size_t' to 'uint32_t', possible loss of data
C:\Users\josep\OneDrive\Documents\onnx_build\_deps\protobuf-src\src\google\protobuf\micro_string.h(88,20): warning C4267: '=': conversion from 'size_t' to 'uint32_t', possible loss of data
C:\Users\josep\OneDrive\Documents\onnx_build\_deps\protobuf-src\src\google\protobuf\micro_string.h(96,14): warning C4267: '=': conversion from 'size_t' to 'uint32_t', possible loss of data
C:\Users\josep\OneDrive\Documents\onnx_build\_deps\protobuf-src\src\google\protobuf\repeated_ptr_field.h(1626,32): warning C4267: 'argument': conversion from 'size_t' to 'int', possible loss of data
C:\Users\josep\OneDrive\Documents\onnx_build\_deps\protobuf-src\src\google\protobuf\repeated_ptr_field.h(1631,54): warning C4267: 'argument': conversion from 'size_t' to 'int', possible loss of data
C:\Users\josep\OneDrive\Documents\onnx_build\_deps\protobuf-src\src\google\protobuf\repeated_ptr_field.h(1635,54): warning C4267: 'argument': conversion from 'size_t' to 'int', possible loss of data
C:\Users\josep\OneDrive\Documents\onnx_build\_deps\protobuf-src\src\google\protobuf\repeated_field.h(146,42): warning C4267: 'argument': conversion from 'size_t' to 'const _Ty', possible loss of data
          with
          [
              _Ty=int
          ]
C:\Users\josep\OneDrive\Documents\onnx_build\_deps\absl-src\absl\log\internal\check_op.h(425,1): warning C4018: '>=': signed/unsigned mismatch
C:\Users\josep\OneDrive\Documents\onnx_build\_deps\protobuf-src\src\google\protobuf\micro_string.h(77,7): message : see reference to function template instantiation 'const char *absl::lts_20250127::log_internal::Check_GEImpl<unsigned int,T>(const T1 &,const T2 &,const char *)' being compiled
          with
          [
              T=google::protobuf::internal::MicroString::LargeRepKind,
              T1=unsigned int,
              T2=google::protobuf::internal::MicroString::LargeRepKind
          ]
  SetFenceResources.cpp
C:\Users\josep\OneDrive\Documents\onnx_build\_deps\protobuf-src\src\google\protobuf\micro_string.h(83,25): warning C4267: '=': conversion from 'size_t' to 'uint32_t', possible loss of data
C:\Users\josep\OneDrive\Documents\onnx_build\_deps\protobuf-src\src\google\protobuf\micro_string.h(88,20): warning C4267: '=': conversion from 'size_t' to 'uint32_t', possible loss of data
C:\Users\josep\OneDrive\Documents\onnx_build\_deps\protobuf-src\src\google\protobuf\micro_string.h(96,14): warning C4267: '=': conversion from 'size_t' to 'uint32_t', possible loss of data
C:\Users\josep\OneDrive\Documents\onnx_build\_deps\protobuf-src\src\google\protobuf\repeated_ptr_field.h(1626,32): warning C4267: 'argument': conversion from 'size_t' to 'int', possible loss of data
C:\Users\josep\OneDrive\Documents\onnx_build\_deps\protobuf-src\src\google\protobuf\repeated_ptr_field.h(1631,54): warning C4267: 'argument': conversion from 'size_t' to 'int', possible loss of data
C:\Users\josep\OneDrive\Documents\onnx_build\_deps\protobuf-src\src\google\protobuf\repeated_ptr_field.h(1635,54): warning C4267: 'argument': conversion from 'size_t' to 'int', possible loss of data
C:\Users\josep\OneDrive\Documents\onnx_build\_deps\protobuf-src\src\google\protobuf\repeated_field.h(146,42): warning C4267: 'argument': conversion from 'size_t' to 'const _Ty', possible loss of data
          with
          [
              _Ty=int
          ]
C:\Users\josep\OneDrive\Documents\onnx_build\_deps\absl-src\absl\log\internal\check_op.h(425,1): warning C4018: '>=': signed/unsigned mismatch
C:\Users\josep\OneDrive\Documents\onnx_build\_deps\protobuf-src\src\google\protobuf\micro_string.h(77,7): message : see reference to function template instantiation 'const char *absl::lts_20250127::log_internal::Check_GEImpl<unsigned int,T>(const T1 &,const T2 &,const char *)' being compiled
          with
          [
              T=google::protobuf::internal::MicroString::LargeRepKind,
              T1=unsigned int,
              T2=google::protobuf::internal::MicroString::LargeRepKind
          ]
  SetGenericRootSignature.cpp
C:\Users\josep\OneDrive\Documents\onnx_build\_deps\protobuf-src\src\google\protobuf\micro_string.h(83,25): warning C4267: '=': conversion from 'size_t' to 'uint32_t', possible loss of data
C:\Users\josep\OneDrive\Documents\onnx_build\_deps\protobuf-src\src\google\protobuf\micro_string.h(88,20): warning C4267: '=': conversion from 'size_t' to 'uint32_t', possible loss of data
C:\Users\josep\OneDrive\Documents\onnx_build\_deps\protobuf-src\src\google\protobuf\micro_string.h(96,14): warning C4267: '=': conversion from 'size_t' to 'uint32_t', possible loss of data
C:\Users\josep\OneDrive\Documents\onnx_build\_deps\protobuf-src\src\google\protobuf\repeated_ptr_field.h(1626,32): warning C4267: 'argument': conversion from 'size_t' to 'int', possible loss of data
C:\Users\josep\OneDrive\Documents\onnx_build\_deps\protobuf-src\src\google\protobuf\repeated_ptr_field.h(1631,54): warning C4267: 'argument': conversion from 'size_t' to 'int', possible loss of data
C:\Users\josep\OneDrive\Documents\onnx_build\_deps\protobuf-src\src\google\protobuf\repeated_ptr_field.h(1635,54): warning C4267: 'argument': conversion from 'size_t' to 'int', possible loss of data
C:\Users\josep\OneDrive\Documents\onnx_build\_deps\protobuf-src\src\google\protobuf\repeated_field.h(146,42): warning C4267: 'argument': conversion from 'size_t' to 'const _Ty', possible loss of data
          with
          [
              _Ty=int
          ]
C:\Users\josep\OneDrive\Documents\onnx_build\_deps\absl-src\absl\log\internal\check_op.h(425,1): warning C4018: '>=': signed/unsigned mismatch
C:\Users\josep\OneDrive\Documents\onnx_build\_deps\protobuf-src\src\google\protobuf\micro_string.h(77,7): message : see reference to function template instantiation 'const char *absl::lts_20250127::log_internal::Check_GEImpl<unsigned int,T>(const T1 &,const T2 &,const char *)' being compiled
          with
          [
              T=google::protobuf::internal::MicroString::LargeRepKind,
              T1=unsigned int,
              T2=google::protobuf::internal::MicroString::LargeRepKind
          ]
  SetPipelineStates.cpp
C:\Users\josep\OneDrive\Documents\onnx_build\_deps\protobuf-src\src\google\protobuf\micro_string.h(83,25): warning C4267: '=': conversion from 'size_t' to 'uint32_t', possible loss of data
C:\Users\josep\OneDrive\Documents\onnx_build\_deps\protobuf-src\src\google\protobuf\micro_string.h(88,20): warning C4267: '=': conversion from 'size_t' to 'uint32_t', possible loss of data
C:\Users\josep\OneDrive\Documents\onnx_build\_deps\protobuf-src\src\google\protobuf\micro_string.h(96,14): warning C4267: '=': conversion from 'size_t' to 'uint32_t', possible loss of data
C:\Users\josep\OneDrive\Documents\onnx_build\_deps\protobuf-src\src\google\protobuf\repeated_ptr_field.h(1626,32): warning C4267: 'argument': conversion from 'size_t' to 'int', possible loss of data
C:\Users\josep\OneDrive\Documents\onnx_build\_deps\protobuf-src\src\google\protobuf\repeated_ptr_field.h(1631,54): warning C4267: 'argument': conversion from 'size_t' to 'int', possible loss of data
C:\Users\josep\OneDrive\Documents\onnx_build\_deps\protobuf-src\src\google\protobuf\repeated_ptr_field.h(1635,54): warning C4267: 'argument': conversion from 'size_t' to 'int', possible loss of data
C:\Users\josep\OneDrive\Documents\onnx_build\_deps\protobuf-src\src\google\protobuf\repeated_field.h(146,42): warning C4267: 'argument': conversion from 'size_t' to 'const _Ty', possible loss of data
          with
          [
              _Ty=int
          ]
C:\Users\josep\OneDrive\Documents\onnx_build\_deps\absl-src\absl\log\internal\check_op.h(425,1): warning C4018: '>=': signed/unsigned mismatch
C:\Users\josep\OneDrive\Documents\onnx_build\_deps\protobuf-src\src\google\protobuf\micro_string.h(77,7): message : see reference to function template instantiation 'const char *absl::lts_20250127::log_internal::Check_GEImpl<unsigned int,T>(const T1 &,const T2 &,const char *)' being compiled
          with
          [
              T=google::protobuf::internal::MicroString::LargeRepKind,
              T1=unsigned int,
              T2=google::protobuf::internal::MicroString::LargeRepKind
          ]
  SetRenderPassResources.cpp
C:\Users\josep\OneDrive\Documents\onnx_build\_deps\protobuf-src\src\google\protobuf\micro_string.h(83,25): warning C4267: '=': conversion from 'size_t' to 'uint32_t', possible loss of data
C:\Users\josep\OneDrive\Documents\onnx_build\_deps\protobuf-src\src\google\protobuf\micro_string.h(88,20): warning C4267: '=': conversion from 'size_t' to 'uint32_t', possible loss of data
C:\Users\josep\OneDrive\Documents\onnx_build\_deps\protobuf-src\src\google\protobuf\micro_string.h(96,14): warning C4267: '=': conversion from 'size_t' to 'uint32_t', possible loss of data
C:\Users\josep\OneDrive\Documents\onnx_build\_deps\protobuf-src\src\google\protobuf\repeated_ptr_field.h(1626,32): warning C4267: 'argument': conversion from 'size_t' to 'int', possible loss of data
C:\Users\josep\OneDrive\Documents\onnx_build\_deps\protobuf-src\src\google\protobuf\repeated_ptr_field.h(1631,54): warning C4267: 'argument': conversion from 'size_t' to 'int', possible loss of data
C:\Users\josep\OneDrive\Documents\onnx_build\_deps\protobuf-src\src\google\protobuf\repeated_ptr_field.h(1635,54): warning C4267: 'argument': conversion from 'size_t' to 'int', possible loss of data
C:\Users\josep\OneDrive\Documents\onnx_build\_deps\protobuf-src\src\google\protobuf\repeated_field.h(146,42): warning C4267: 'argument': conversion from 'size_t' to 'const _Ty', possible loss of data
          with
          [
              _Ty=int
          ]
C:\Users\josep\OneDrive\Documents\onnx_build\_deps\absl-src\absl\log\internal\check_op.h(425,1): warning C4018: '>=': signed/unsigned mismatch
C:\Users\josep\OneDrive\Documents\onnx_build\_deps\protobuf-src\src\google\protobuf\micro_string.h(77,7): message : see reference to function template instantiation 'const char *absl::lts_20250127::log_internal::Check_GEImpl<unsigned int,T>(const T1 &,const T2 &,const char *)' being compiled
          with
          [
              T=google::protobuf::internal::MicroString::LargeRepKind,
              T1=unsigned int,
              T2=google::protobuf::internal::MicroString::LargeRepKind
          ]
  SetRootSignatures.cpp
C:\Users\josep\OneDrive\Documents\onnx_build\_deps\protobuf-src\src\google\protobuf\micro_string.h(83,25): warning C4267: '=': conversion from 'size_t' to 'uint32_t', possible loss of data
C:\Users\josep\OneDrive\Documents\onnx_build\_deps\protobuf-src\src\google\protobuf\micro_string.h(88,20): warning C4267: '=': conversion from 'size_t' to 'uint32_t', possible loss of data
C:\Users\josep\OneDrive\Documents\onnx_build\_deps\protobuf-src\src\google\protobuf\micro_string.h(96,14): warning C4267: '=': conversion from 'size_t' to 'uint32_t', possible loss of data
C:\Users\josep\OneDrive\Documents\onnx_build\_deps\protobuf-src\src\google\protobuf\repeated_ptr_field.h(1626,32): warning C4267: 'argument': conversion from 'size_t' to 'int', possible loss of data
C:\Users\josep\OneDrive\Documents\onnx_build\_deps\protobuf-src\src\google\protobuf\repeated_ptr_field.h(1631,54): warning C4267: 'argument': conversion from 'size_t' to 'int', possible loss of data
C:\Users\josep\OneDrive\Documents\onnx_build\_deps\protobuf-src\src\google\protobuf\repeated_ptr_field.h(1635,54): warning C4267: 'argument': conversion from 'size_t' to 'int', possible loss of data
C:\Users\josep\OneDrive\Documents\onnx_build\_deps\protobuf-src\src\google\protobuf\repeated_field.h(146,42): warning C4267: 'argument': conversion from 'size_t' to 'const _Ty', possible loss of data
          with
          [
              _Ty=int
          ]
C:\Users\josep\OneDrive\Documents\onnx_build\_deps\absl-src\absl\log\internal\check_op.h(425,1): warning C4018: '>=': signed/unsigned mismatch
C:\Users\josep\OneDrive\Documents\onnx_build\_deps\protobuf-src\src\google\protobuf\micro_string.h(77,7): message : see reference to function template instantiation 'const char *absl::lts_20250127::log_internal::Check_GEImpl<unsigned int,T>(const T1 &,const T2 &,const char *)' being compiled
          with
          [
              T=google::protobuf::internal::MicroString::LargeRepKind,
              T1=unsigned int,
              T2=google::protobuf::internal::MicroString::LargeRepKind
          ]
  Controls.cpp
C:\Users\josep\OneDrive\Documents\onnx_build\_deps\protobuf-src\src\google\protobuf\micro_string.h(83,25): warning C4267: '=': conversion from 'size_t' to 'uint32_t', possible loss of data
C:\Users\josep\OneDrive\Documents\onnx_build\_deps\protobuf-src\src\google\protobuf\micro_string.h(88,20): warning C4267: '=': conversion from 'size_t' to 'uint32_t', possible loss of data
C:\Users\josep\OneDrive\Documents\onnx_build\_deps\protobuf-src\src\google\protobuf\micro_string.h(96,14): warning C4267: '=': conversion from 'size_t' to 'uint32_t', possible loss of data
C:\Users\josep\OneDrive\Documents\onnx_build\_deps\protobuf-src\src\google\protobuf\repeated_ptr_field.h(1626,32): warning C4267: 'argument': conversion from 'size_t' to 'int', possible loss of data
C:\Users\josep\OneDrive\Documents\onnx_build\_deps\protobuf-src\src\google\protobuf\repeated_ptr_field.h(1631,54): warning C4267: 'argument': conversion from 'size_t' to 'int', possible loss of data
C:\Users\josep\OneDrive\Documents\onnx_build\_deps\protobuf-src\src\google\protobuf\repeated_ptr_field.h(1635,54): warning C4267: 'argument': conversion from 'size_t' to 'int', possible loss of data
C:\Users\josep\OneDrive\Documents\onnx_build\_deps\protobuf-src\src\google\protobuf\repeated_field.h(146,42): warning C4267: 'argument': conversion from 'size_t' to 'const _Ty', possible loss of data
          with
          [
              _Ty=int
          ]
C:\Users\josep\OneDrive\Documents\onnx_build\_deps\absl-src\absl\log\internal\check_op.h(425,1): warning C4018: '>=': signed/unsigned mismatch
C:\Users\josep\OneDrive\Documents\onnx_build\_deps\protobuf-src\src\google\protobuf\micro_string.h(77,7): message : see reference to function template instantiation 'const char *absl::lts_20250127::log_internal::Check_GEImpl<unsigned int,T>(const T1 &,const T2 &,const char *)' being compiled
          with
          [
              T=google::protobuf::internal::MicroString::LargeRepKind,
              T1=unsigned int,
              T2=google::protobuf::internal::MicroString::LargeRepKind
          ]
  EngineApp.cpp
C:\Users\josep\OneDrive\Documents\onnx_build\_deps\protobuf-src\src\google\protobuf\micro_string.h(83,25): warning C4267: '=': conversion from 'size_t' to 'uint32_t', possible loss of data
C:\Users\josep\OneDrive\Documents\onnx_build\_deps\protobuf-src\src\google\protobuf\micro_string.h(88,20): warning C4267: '=': conversion from 'size_t' to 'uint32_t', possible loss of data
C:\Users\josep\OneDrive\Documents\onnx_build\_deps\protobuf-src\src\google\protobuf\micro_string.h(96,14): warning C4267: '=': conversion from 'size_t' to 'uint32_t', possible loss of data
C:\Users\josep\OneDrive\Documents\onnx_build\_deps\protobuf-src\src\google\protobuf\repeated_ptr_field.h(1626,32): warning C4267: 'argument': conversion from 'size_t' to 'int', possible loss of data
C:\Users\josep\OneDrive\Documents\onnx_build\_deps\protobuf-src\src\google\protobuf\repeated_ptr_field.h(1631,54): warning C4267: 'argument': conversion from 'size_t' to 'int', possible loss of data
C:\Users\josep\OneDrive\Documents\onnx_build\_deps\protobuf-src\src\google\protobuf\repeated_ptr_field.h(1635,54): warning C4267: 'argument': conversion from 'size_t' to 'int', possible loss of data
C:\Users\josep\OneDrive\Documents\onnx_build\_deps\protobuf-src\src\google\protobuf\repeated_field.h(146,42): warning C4267: 'argument': conversion from 'size_t' to 'const _Ty', possible loss of data
          with
          [
              _Ty=int
          ]
C:\Users\josep\OneDrive\Documents\onnx_build\_deps\absl-src\absl\log\internal\check_op.h(425,1): warning C4018: '>=': signed/unsigned mismatch
C:\Users\josep\OneDrive\Documents\onnx_build\_deps\protobuf-src\src\google\protobuf\micro_string.h(77,7): message : see reference to function template instantiation 'const char *absl::lts_20250127::log_internal::Check_GEImpl<unsigned int,T>(const T1 &,const T2 &,const char *)' being compiled
          with
          [
              T=google::protobuf::internal::MicroString::LargeRepKind,
              T1=unsigned int,
              T2=google::protobuf::internal::MicroString::LargeRepKind
          ]
  Render.cpp
C:\Users\josep\OneDrive\Documents\onnx_build\_deps\protobuf-src\src\google\protobuf\micro_string.h(83,25): warning C4267: '=': conversion from 'size_t' to 'uint32_t', possible loss of data
C:\Users\josep\OneDrive\Documents\onnx_build\_deps\protobuf-src\src\google\protobuf\micro_string.h(88,20): warning C4267: '=': conversion from 'size_t' to 'uint32_t', possible loss of data
C:\Users\josep\OneDrive\Documents\onnx_build\_deps\protobuf-src\src\google\protobuf\micro_string.h(96,14): warning C4267: '=': conversion from 'size_t' to 'uint32_t', possible loss of data
C:\Users\josep\OneDrive\Documents\onnx_build\_deps\protobuf-src\src\google\protobuf\repeated_ptr_field.h(1626,32): warning C4267: 'argument': conversion from 'size_t' to 'int', possible loss of data
C:\Users\josep\OneDrive\Documents\onnx_build\_deps\protobuf-src\src\google\protobuf\repeated_ptr_field.h(1631,54): warning C4267: 'argument': conversion from 'size_t' to 'int', possible loss of data
C:\Users\josep\OneDrive\Documents\onnx_build\_deps\protobuf-src\src\google\protobuf\repeated_ptr_field.h(1635,54): warning C4267: 'argument': conversion from 'size_t' to 'int', possible loss of data
C:\Users\josep\OneDrive\Documents\onnx_build\_deps\protobuf-src\src\google\protobuf\repeated_field.h(146,42): warning C4267: 'argument': conversion from 'size_t' to 'const _Ty', possible loss of data
          with
          [
              _Ty=int
          ]
C:\Users\josep\OneDrive\Documents\onnx_build\_deps\absl-src\absl\log\internal\check_op.h(425,1): warning C4018: '>=': signed/unsigned mismatch
C:\Users\josep\OneDrive\Documents\onnx_build\_deps\protobuf-src\src\google\protobuf\micro_string.h(77,7): message : see reference to function template instantiation 'const char *absl::lts_20250127::log_internal::Check_GEImpl<unsigned int,T>(const T1 &,const T2 &,const char *)' being compiled
          with
          [
              T=google::protobuf::internal::MicroString::LargeRepKind,
              T1=unsigned int,
              T2=google::protobuf::internal::MicroString::LargeRepKind
          ]
  CompositePass.cpp
C:\Users\josep\OneDrive\Documents\onnx_build\_deps\protobuf-src\src\google\protobuf\micro_string.h(83,25): warning C4267: '=': conversion from 'size_t' to 'uint32_t', possible loss of data
C:\Users\josep\OneDrive\Documents\onnx_build\_deps\protobuf-src\src\google\protobuf\micro_string.h(88,20): warning C4267: '=': conversion from 'size_t' to 'uint32_t', possible loss of data
C:\Users\josep\OneDrive\Documents\onnx_build\_deps\protobuf-src\src\google\protobuf\micro_string.h(96,14): warning C4267: '=': conversion from 'size_t' to 'uint32_t', possible loss of data
C:\Users\josep\OneDrive\Documents\onnx_build\_deps\protobuf-src\src\google\protobuf\repeated_ptr_field.h(1626,32): warning C4267: 'argument': conversion from 'size_t' to 'int', possible loss of data
C:\Users\josep\OneDrive\Documents\onnx_build\_deps\protobuf-src\src\google\protobuf\repeated_ptr_field.h(1631,54): warning C4267: 'argument': conversion from 'size_t' to 'int', possible loss of data
C:\Users\josep\OneDrive\Documents\onnx_build\_deps\protobuf-src\src\google\protobuf\repeated_ptr_field.h(1635,54): warning C4267: 'argument': conversion from 'size_t' to 'int', possible loss of data
C:\Users\josep\OneDrive\Documents\onnx_build\_deps\protobuf-src\src\google\protobuf\repeated_field.h(146,42): warning C4267: 'argument': conversion from 'size_t' to 'const _Ty', possible loss of data
          with
          [
              _Ty=int
          ]
C:\Users\josep\OneDrive\Documents\onnx_build\_deps\absl-src\absl\log\internal\check_op.h(425,1): warning C4018: '>=': signed/unsigned mismatch
C:\Users\josep\OneDrive\Documents\onnx_build\_deps\protobuf-src\src\google\protobuf\micro_string.h(77,7): message : see reference to function template instantiation 'const char *absl::lts_20250127::log_internal::Check_GEImpl<unsigned int,T>(const T1 &,const T2 &,const char *)' being compiled
          with
          [
              T=google::protobuf::internal::MicroString::LargeRepKind,
              T1=unsigned int,
              T2=google::protobuf::internal::MicroString::LargeRepKind
          ]
  GBufferPass.cpp
C:\Users\josep\OneDrive\Documents\onnx_build\_deps\protobuf-src\src\google\protobuf\micro_string.h(83,25): warning C4267: '=': conversion from 'size_t' to 'uint32_t', possible loss of data
C:\Users\josep\OneDrive\Documents\onnx_build\_deps\protobuf-src\src\google\protobuf\micro_string.h(88,20): warning C4267: '=': conversion from 'size_t' to 'uint32_t', possible loss of data
C:\Users\josep\OneDrive\Documents\onnx_build\_deps\protobuf-src\src\google\protobuf\micro_string.h(96,14): warning C4267: '=': conversion from 'size_t' to 'uint32_t', possible loss of data
C:\Users\josep\OneDrive\Documents\onnx_build\_deps\protobuf-src\src\google\protobuf\repeated_ptr_field.h(1626,32): warning C4267: 'argument': conversion from 'size_t' to 'int', possible loss of data
C:\Users\josep\OneDrive\Documents\onnx_build\_deps\protobuf-src\src\google\protobuf\repeated_ptr_field.h(1631,54): warning C4267: 'argument': conversion from 'size_t' to 'int', possible loss of data
C:\Users\josep\OneDrive\Documents\onnx_build\_deps\protobuf-src\src\google\protobuf\repeated_ptr_field.h(1635,54): warning C4267: 'argument': conversion from 'size_t' to 'int', possible loss of data
C:\Users\josep\OneDrive\Documents\onnx_build\_deps\protobuf-src\src\google\protobuf\repeated_field.h(146,42): warning C4267: 'argument': conversion from 'size_t' to 'const _Ty', possible loss of data
          with
          [
              _Ty=int
          ]
C:\Users\josep\OneDrive\Documents\onnx_build\_deps\absl-src\absl\log\internal\check_op.h(425,1): warning C4018: '>=': signed/unsigned mismatch
C:\Users\josep\OneDrive\Documents\onnx_build\_deps\protobuf-src\src\google\protobuf\micro_string.h(77,7): message : see reference to function template instantiation 'const char *absl::lts_20250127::log_internal::Check_GEImpl<unsigned int,T>(const T1 &,const T2 &,const char *)' being compiled
          with
          [
              T=google::protobuf::internal::MicroString::LargeRepKind,
              T1=unsigned int,
              T2=google::protobuf::internal::MicroString::LargeRepKind
          ]
  Generating Code...
  Compiling...
  LightingPass.cpp
C:\Users\josep\OneDrive\Documents\onnx_build\_deps\protobuf-src\src\google\protobuf\micro_string.h(83,25): warning C4267: '=': conversion from 'size_t' to 'uint32_t', possible loss of data
C:\Users\josep\OneDrive\Documents\onnx_build\_deps\protobuf-src\src\google\protobuf\micro_string.h(88,20): warning C4267: '=': conversion from 'size_t' to 'uint32_t', possible loss of data
C:\Users\josep\OneDrive\Documents\onnx_build\_deps\protobuf-src\src\google\protobuf\micro_string.h(96,14): warning C4267: '=': conversion from 'size_t' to 'uint32_t', possible loss of data
C:\Users\josep\OneDrive\Documents\onnx_build\_deps\protobuf-src\src\google\protobuf\repeated_ptr_field.h(1626,32): warning C4267: 'argument': conversion from 'size_t' to 'int', possible loss of data
C:\Users\josep\OneDrive\Documents\onnx_build\_deps\protobuf-src\src\google\protobuf\repeated_ptr_field.h(1631,54): warning C4267: 'argument': conversion from 'size_t' to 'int', possible loss of data
C:\Users\josep\OneDrive\Documents\onnx_build\_deps\protobuf-src\src\google\protobuf\repeated_ptr_field.h(1635,54): warning C4267: 'argument': conversion from 'size_t' to 'int', possible loss of data
C:\Users\josep\OneDrive\Documents\onnx_build\_deps\protobuf-src\src\google\protobuf\repeated_field.h(146,42): warning C4267: 'argument': conversion from 'size_t' to 'const _Ty', possible loss of data
          with
          [
              _Ty=int
          ]
C:\Users\josep\OneDrive\Documents\onnx_build\_deps\absl-src\absl\log\internal\check_op.h(425,1): warning C4018: '>=': signed/unsigned mismatch
C:\Users\josep\OneDrive\Documents\onnx_build\_deps\protobuf-src\src\google\protobuf\micro_string.h(77,7): message : see reference to function template instantiation 'const char *absl::lts_20250127::log_internal::Check_GEImpl<unsigned int,T>(const T1 &,const T2 &,const char *)' being compiled
          with
          [
              T=google::protobuf::internal::MicroString::LargeRepKind,
              T1=unsigned int,
              T2=google::protobuf::internal::MicroString::LargeRepKind
          ]
  RadiancePass.cpp
C:\Users\josep\OneDrive\Documents\onnx_build\_deps\protobuf-src\src\google\protobuf\micro_string.h(83,25): warning C4267: '=': conversion from 'size_t' to 'uint32_t', possible loss of data
C:\Users\josep\OneDrive\Documents\onnx_build\_deps\protobuf-src\src\google\protobuf\micro_string.h(88,20): warning C4267: '=': conversion from 'size_t' to 'uint32_t', possible loss of data
C:\Users\josep\OneDrive\Documents\onnx_build\_deps\protobuf-src\src\google\protobuf\micro_string.h(96,14): warning C4267: '=': conversion from 'size_t' to 'uint32_t', possible loss of data
C:\Users\josep\OneDrive\Documents\onnx_build\_deps\protobuf-src\src\google\protobuf\repeated_ptr_field.h(1626,32): warning C4267: 'argument': conversion from 'size_t' to 'int', possible loss of data
C:\Users\josep\OneDrive\Documents\onnx_build\_deps\protobuf-src\src\google\protobuf\repeated_ptr_field.h(1631,54): warning C4267: 'argument': conversion from 'size_t' to 'int', possible loss of data
C:\Users\josep\OneDrive\Documents\onnx_build\_deps\protobuf-src\src\google\protobuf\repeated_ptr_field.h(1635,54): warning C4267: 'argument': conversion from 'size_t' to 'int', possible loss of data
C:\Users\josep\OneDrive\Documents\onnx_build\_deps\protobuf-src\src\google\protobuf\repeated_field.h(146,42): warning C4267: 'argument': conversion from 'size_t' to 'const _Ty', possible loss of data
          with
          [
              _Ty=int
          ]
C:\Users\josep\OneDrive\Documents\onnx_build\_deps\absl-src\absl\log\internal\check_op.h(425,1): warning C4018: '>=': signed/unsigned mismatch
C:\Users\josep\OneDrive\Documents\onnx_build\_deps\protobuf-src\src\google\protobuf\micro_string.h(77,7): message : see reference to function template instantiation 'const char *absl::lts_20250127::log_internal::Check_GEImpl<unsigned int,T>(const T1 &,const T2 &,const char *)' being compiled
          with
          [
              T=google::protobuf::internal::MicroString::LargeRepKind,
              T1=unsigned int,
              T2=google::protobuf::internal::MicroString::LargeRepKind
          ]
  ShadowPass.cpp
C:\Users\josep\OneDrive\Documents\onnx_build\_deps\protobuf-src\src\google\protobuf\micro_string.h(83,25): warning C4267: '=': conversion from 'size_t' to 'uint32_t', possible loss of data
C:\Users\josep\OneDrive\Documents\onnx_build\_deps\protobuf-src\src\google\protobuf\micro_string.h(88,20): warning C4267: '=': conversion from 'size_t' to 'uint32_t', possible loss of data
C:\Users\josep\OneDrive\Documents\onnx_build\_deps\protobuf-src\src\google\protobuf\micro_string.h(96,14): warning C4267: '=': conversion from 'size_t' to 'uint32_t', possible loss of data
C:\Users\josep\OneDrive\Documents\onnx_build\_deps\protobuf-src\src\google\protobuf\repeated_ptr_field.h(1626,32): warning C4267: 'argument': conversion from 'size_t' to 'int', possible loss of data
C:\Users\josep\OneDrive\Documents\onnx_build\_deps\protobuf-src\src\google\protobuf\repeated_ptr_field.h(1631,54): warning C4267: 'argument': conversion from 'size_t' to 'int', possible loss of data
C:\Users\josep\OneDrive\Documents\onnx_build\_deps\protobuf-src\src\google\protobuf\repeated_ptr_field.h(1635,54): warning C4267: 'argument': conversion from 'size_t' to 'int', possible loss of data
C:\Users\josep\OneDrive\Documents\onnx_build\_deps\protobuf-src\src\google\protobuf\repeated_field.h(146,42): warning C4267: 'argument': conversion from 'size_t' to 'const _Ty', possible loss of data
          with
          [
              _Ty=int
          ]
C:\Users\josep\OneDrive\Documents\onnx_build\_deps\absl-src\absl\log\internal\check_op.h(425,1): warning C4018: '>=': signed/unsigned mismatch
C:\Users\josep\OneDrive\Documents\onnx_build\_deps\protobuf-src\src\google\protobuf\micro_string.h(77,7): message : see reference to function template instantiation 'const char *absl::lts_20250127::log_internal::Check_GEImpl<unsigned int,T>(const T1 &,const T2 &,const char *)' being compiled
          with
          [
              T=google::protobuf::internal::MicroString::LargeRepKind,
              T1=unsigned int,
              T2=google::protobuf::internal::MicroString::LargeRepKind
          ]
  SsaoBlurPass.cpp
C:\Users\josep\OneDrive\Documents\onnx_build\_deps\protobuf-src\src\google\protobuf\micro_string.h(83,25): warning C4267: '=': conversion from 'size_t' to 'uint32_t', possible loss of data
C:\Users\josep\OneDrive\Documents\onnx_build\_deps\protobuf-src\src\google\protobuf\micro_string.h(88,20): warning C4267: '=': conversion from 'size_t' to 'uint32_t', possible loss of data
C:\Users\josep\OneDrive\Documents\onnx_build\_deps\protobuf-src\src\google\protobuf\micro_string.h(96,14): warning C4267: '=': conversion from 'size_t' to 'uint32_t', possible loss of data
C:\Users\josep\OneDrive\Documents\onnx_build\_deps\protobuf-src\src\google\protobuf\repeated_ptr_field.h(1626,32): warning C4267: 'argument': conversion from 'size_t' to 'int', possible loss of data
C:\Users\josep\OneDrive\Documents\onnx_build\_deps\protobuf-src\src\google\protobuf\repeated_ptr_field.h(1631,54): warning C4267: 'argument': conversion from 'size_t' to 'int', possible loss of data
C:\Users\josep\OneDrive\Documents\onnx_build\_deps\protobuf-src\src\google\protobuf\repeated_ptr_field.h(1635,54): warning C4267: 'argument': conversion from 'size_t' to 'int', possible loss of data
C:\Users\josep\OneDrive\Documents\onnx_build\_deps\protobuf-src\src\google\protobuf\repeated_field.h(146,42): warning C4267: 'argument': conversion from 'size_t' to 'const _Ty', possible loss of data
          with
          [
              _Ty=int
          ]
C:\Users\josep\OneDrive\Documents\onnx_build\_deps\absl-src\absl\log\internal\check_op.h(425,1): warning C4018: '>=': signed/unsigned mismatch
C:\Users\josep\OneDrive\Documents\onnx_build\_deps\protobuf-src\src\google\protobuf\micro_string.h(77,7): message : see reference to function template instantiation 'const char *absl::lts_20250127::log_internal::Check_GEImpl<unsigned int,T>(const T1 &,const T2 &,const char *)' being compiled
          with
          [
              T=google::protobuf::internal::MicroString::LargeRepKind,
              T1=unsigned int,
              T2=google::protobuf::internal::MicroString::LargeRepKind
          ]
  SsaoPass.cpp
C:\Users\josep\OneDrive\Documents\onnx_build\_deps\protobuf-src\src\google\protobuf\micro_string.h(83,25): warning C4267: '=': conversion from 'size_t' to 'uint32_t', possible loss of data
C:\Users\josep\OneDrive\Documents\onnx_build\_deps\protobuf-src\src\google\protobuf\micro_string.h(88,20): warning C4267: '=': conversion from 'size_t' to 'uint32_t', possible loss of data
C:\Users\josep\OneDrive\Documents\onnx_build\_deps\protobuf-src\src\google\protobuf\micro_string.h(96,14): warning C4267: '=': conversion from 'size_t' to 'uint32_t', possible loss of data
C:\Users\josep\OneDrive\Documents\onnx_build\_deps\protobuf-src\src\google\protobuf\repeated_ptr_field.h(1626,32): warning C4267: 'argument': conversion from 'size_t' to 'int', possible loss of data
C:\Users\josep\OneDrive\Documents\onnx_build\_deps\protobuf-src\src\google\protobuf\repeated_ptr_field.h(1631,54): warning C4267: 'argument': conversion from 'size_t' to 'int', possible loss of data
C:\Users\josep\OneDrive\Documents\onnx_build\_deps\protobuf-src\src\google\protobuf\repeated_ptr_field.h(1635,54): warning C4267: 'argument': conversion from 'size_t' to 'int', possible loss of data
C:\Users\josep\OneDrive\Documents\onnx_build\_deps\protobuf-src\src\google\protobuf\repeated_field.h(146,42): warning C4267: 'argument': conversion from 'size_t' to 'const _Ty', possible loss of data
          with
          [
              _Ty=int
          ]
C:\Users\josep\OneDrive\Documents\onnx_build\_deps\absl-src\absl\log\internal\check_op.h(425,1): warning C4018: '>=': signed/unsigned mismatch
C:\Users\josep\OneDrive\Documents\onnx_build\_deps\protobuf-src\src\google\protobuf\micro_string.h(77,7): message : see reference to function template instantiation 'const char *absl::lts_20250127::log_internal::Check_GEImpl<unsigned int,T>(const T1 &,const T2 &,const char *)' being compiled
          with
          [
              T=google::protobuf::internal::MicroString::LargeRepKind,
              T1=unsigned int,
              T2=google::protobuf::internal::MicroString::LargeRepKind
          ]
  SsgiBlurPass.cpp
C:\Users\josep\OneDrive\Documents\onnx_build\_deps\protobuf-src\src\google\protobuf\micro_string.h(83,25): warning C4267: '=': conversion from 'size_t' to 'uint32_t', possible loss of data
C:\Users\josep\OneDrive\Documents\onnx_build\_deps\protobuf-src\src\google\protobuf\micro_string.h(88,20): warning C4267: '=': conversion from 'size_t' to 'uint32_t', possible loss of data
C:\Users\josep\OneDrive\Documents\onnx_build\_deps\protobuf-src\src\google\protobuf\micro_string.h(96,14): warning C4267: '=': conversion from 'size_t' to 'uint32_t', possible loss of data
C:\Users\josep\OneDrive\Documents\onnx_build\_deps\protobuf-src\src\google\protobuf\repeated_ptr_field.h(1626,32): warning C4267: 'argument': conversion from 'size_t' to 'int', possible loss of data
C:\Users\josep\OneDrive\Documents\onnx_build\_deps\protobuf-src\src\google\protobuf\repeated_ptr_field.h(1631,54): warning C4267: 'argument': conversion from 'size_t' to 'int', possible loss of data
C:\Users\josep\OneDrive\Documents\onnx_build\_deps\protobuf-src\src\google\protobuf\repeated_ptr_field.h(1635,54): warning C4267: 'argument': conversion from 'size_t' to 'int', possible loss of data
C:\Users\josep\OneDrive\Documents\onnx_build\_deps\protobuf-src\src\google\protobuf\repeated_field.h(146,42): warning C4267: 'argument': conversion from 'size_t' to 'const _Ty', possible loss of data
          with
          [
              _Ty=int
          ]
C:\Users\josep\OneDrive\Documents\onnx_build\_deps\absl-src\absl\log\internal\check_op.h(425,1): warning C4018: '>=': signed/unsigned mismatch
C:\Users\josep\OneDrive\Documents\onnx_build\_deps\protobuf-src\src\google\protobuf\micro_string.h(77,7): message : see reference to function template instantiation 'const char *absl::lts_20250127::log_internal::Check_GEImpl<unsigned int,T>(const T1 &,const T2 &,const char *)' being compiled
          with
          [
              T=google::protobuf::internal::MicroString::LargeRepKind,
              T1=unsigned int,
              T2=google::protobuf::internal::MicroString::LargeRepKind
          ]
  SsgiPass.cpp
C:\Users\josep\OneDrive\Documents\onnx_build\_deps\protobuf-src\src\google\protobuf\micro_string.h(83,25): warning C4267: '=': conversion from 'size_t' to 'uint32_t', possible loss of data
C:\Users\josep\OneDrive\Documents\onnx_build\_deps\protobuf-src\src\google\protobuf\micro_string.h(88,20): warning C4267: '=': conversion from 'size_t' to 'uint32_t', possible loss of data
C:\Users\josep\OneDrive\Documents\onnx_build\_deps\protobuf-src\src\google\protobuf\micro_string.h(96,14): warning C4267: '=': conversion from 'size_t' to 'uint32_t', possible loss of data
C:\Users\josep\OneDrive\Documents\onnx_build\_deps\protobuf-src\src\google\protobuf\repeated_ptr_field.h(1626,32): warning C4267: 'argument': conversion from 'size_t' to 'int', possible loss of data
C:\Users\josep\OneDrive\Documents\onnx_build\_deps\protobuf-src\src\google\protobuf\repeated_ptr_field.h(1631,54): warning C4267: 'argument': conversion from 'size_t' to 'int', possible loss of data
C:\Users\josep\OneDrive\Documents\onnx_build\_deps\protobuf-src\src\google\protobuf\repeated_ptr_field.h(1635,54): warning C4267: 'argument': conversion from 'size_t' to 'int', possible loss of data
C:\Users\josep\OneDrive\Documents\onnx_build\_deps\protobuf-src\src\google\protobuf\repeated_field.h(146,42): warning C4267: 'argument': conversion from 'size_t' to 'const _Ty', possible loss of data
          with
          [
              _Ty=int
          ]
C:\Users\josep\OneDrive\Documents\onnx_build\_deps\absl-src\absl\log\internal\check_op.h(425,1): warning C4018: '>=': signed/unsigned mismatch
C:\Users\josep\OneDrive\Documents\onnx_build\_deps\protobuf-src\src\google\protobuf\micro_string.h(77,7): message : see reference to function template instantiation 'const char *absl::lts_20250127::log_internal::Check_GEImpl<unsigned int,T>(const T1 &,const T2 &,const char *)' being compiled
          with
          [
              T=google::protobuf::internal::MicroString::LargeRepKind,
              T1=unsigned int,
              T2=google::protobuf::internal::MicroString::LargeRepKind
          ]
  SssBlurPass.cpp
C:\Users\josep\OneDrive\Documents\onnx_build\_deps\protobuf-src\src\google\protobuf\micro_string.h(83,25): warning C4267: '=': conversion from 'size_t' to 'uint32_t', possible loss of data
C:\Users\josep\OneDrive\Documents\onnx_build\_deps\protobuf-src\src\google\protobuf\micro_string.h(88,20): warning C4267: '=': conversion from 'size_t' to 'uint32_t', possible loss of data
C:\Users\josep\OneDrive\Documents\onnx_build\_deps\protobuf-src\src\google\protobuf\micro_string.h(96,14): warning C4267: '=': conversion from 'size_t' to 'uint32_t', possible loss of data
C:\Users\josep\OneDrive\Documents\onnx_build\_deps\protobuf-src\src\google\protobuf\repeated_ptr_field.h(1626,32): warning C4267: 'argument': conversion from 'size_t' to 'int', possible loss of data
C:\Users\josep\OneDrive\Documents\onnx_build\_deps\protobuf-src\src\google\protobuf\repeated_ptr_field.h(1631,54): warning C4267: 'argument': conversion from 'size_t' to 'int', possible loss of data
C:\Users\josep\OneDrive\Documents\onnx_build\_deps\protobuf-src\src\google\protobuf\repeated_ptr_field.h(1635,54): warning C4267: 'argument': conversion from 'size_t' to 'int', possible loss of data
C:\Users\josep\OneDrive\Documents\onnx_build\_deps\protobuf-src\src\google\protobuf\repeated_field.h(146,42): warning C4267: 'argument': conversion from 'size_t' to 'const _Ty', possible loss of data
          with
          [
              _Ty=int
          ]
C:\Users\josep\OneDrive\Documents\onnx_build\_deps\absl-src\absl\log\internal\check_op.h(425,1): warning C4018: '>=': signed/unsigned mismatch
C:\Users\josep\OneDrive\Documents\onnx_build\_deps\protobuf-src\src\google\protobuf\micro_string.h(77,7): message : see reference to function template instantiation 'const char *absl::lts_20250127::log_internal::Check_GEImpl<unsigned int,T>(const T1 &,const T2 &,const char *)' being compiled
          with
          [
              T=google::protobuf::internal::MicroString::LargeRepKind,
              T1=unsigned int,
              T2=google::protobuf::internal::MicroString::LargeRepKind
          ]
  SssPass.cpp
C:\Users\josep\OneDrive\Documents\onnx_build\_deps\protobuf-src\src\google\protobuf\micro_string.h(83,25): warning C4267: '=': conversion from 'size_t' to 'uint32_t', possible loss of data
C:\Users\josep\OneDrive\Documents\onnx_build\_deps\protobuf-src\src\google\protobuf\micro_string.h(88,20): warning C4267: '=': conversion from 'size_t' to 'uint32_t', possible loss of data
C:\Users\josep\OneDrive\Documents\onnx_build\_deps\protobuf-src\src\google\protobuf\micro_string.h(96,14): warning C4267: '=': conversion from 'size_t' to 'uint32_t', possible loss of data
C:\Users\josep\OneDrive\Documents\onnx_build\_deps\protobuf-src\src\google\protobuf\repeated_ptr_field.h(1626,32): warning C4267: 'argument': conversion from 'size_t' to 'int', possible loss of data
C:\Users\josep\OneDrive\Documents\onnx_build\_deps\protobuf-src\src\google\protobuf\repeated_ptr_field.h(1631,54): warning C4267: 'argument': conversion from 'size_t' to 'int', possible loss of data
C:\Users\josep\OneDrive\Documents\onnx_build\_deps\protobuf-src\src\google\protobuf\repeated_ptr_field.h(1635,54): warning C4267: 'argument': conversion from 'size_t' to 'int', possible loss of data
C:\Users\josep\OneDrive\Documents\onnx_build\_deps\protobuf-src\src\google\protobuf\repeated_field.h(146,42): warning C4267: 'argument': conversion from 'size_t' to 'const _Ty', possible loss of data
          with
          [
              _Ty=int
          ]
C:\Users\josep\OneDrive\Documents\onnx_build\_deps\absl-src\absl\log\internal\check_op.h(425,1): warning C4018: '>=': signed/unsigned mismatch
C:\Users\josep\OneDrive\Documents\onnx_build\_deps\protobuf-src\src\google\protobuf\micro_string.h(77,7): message : see reference to function template instantiation 'const char *absl::lts_20250127::log_internal::Check_GEImpl<unsigned int,T>(const T1 &,const T2 &,const char *)' being compiled
          with
          [
              T=google::protobuf::internal::MicroString::LargeRepKind,
              T1=unsigned int,
              T2=google::protobuf::internal::MicroString::LargeRepKind
          ]
  StaticSamplers.cpp
C:\Users\josep\OneDrive\Documents\onnx_build\_deps\protobuf-src\src\google\protobuf\micro_string.h(83,25): warning C4267: '=': conversion from 'size_t' to 'uint32_t', possible loss of data
C:\Users\josep\OneDrive\Documents\onnx_build\_deps\protobuf-src\src\google\protobuf\micro_string.h(88,20): warning C4267: '=': conversion from 'size_t' to 'uint32_t', possible loss of data
C:\Users\josep\OneDrive\Documents\onnx_build\_deps\protobuf-src\src\google\protobuf\micro_string.h(96,14): warning C4267: '=': conversion from 'size_t' to 'uint32_t', possible loss of data
C:\Users\josep\OneDrive\Documents\onnx_build\_deps\protobuf-src\src\google\protobuf\repeated_ptr_field.h(1626,32): warning C4267: 'argument': conversion from 'size_t' to 'int', possible loss of data
C:\Users\josep\OneDrive\Documents\onnx_build\_deps\protobuf-src\src\google\protobuf\repeated_ptr_field.h(1631,54): warning C4267: 'argument': conversion from 'size_t' to 'int', possible loss of data
C:\Users\josep\OneDrive\Documents\onnx_build\_deps\protobuf-src\src\google\protobuf\repeated_ptr_field.h(1635,54): warning C4267: 'argument': conversion from 'size_t' to 'int', possible loss of data
C:\Users\josep\OneDrive\Documents\onnx_build\_deps\protobuf-src\src\google\protobuf\repeated_field.h(146,42): warning C4267: 'argument': conversion from 'size_t' to 'const _Ty', possible loss of data
          with
          [
              _Ty=int
          ]
C:\Users\josep\OneDrive\Documents\onnx_build\_deps\absl-src\absl\log\internal\check_op.h(425,1): warning C4018: '>=': signed/unsigned mismatch
C:\Users\josep\OneDrive\Documents\onnx_build\_deps\protobuf-src\src\google\protobuf\micro_string.h(77,7): message : see reference to function template instantiation 'const char *absl::lts_20250127::log_internal::Check_GEImpl<unsigned int,T>(const T1 &,const T2 &,const char *)' being compiled
          with
          [
              T=google::protobuf::internal::MicroString::LargeRepKind,
              T1=unsigned int,
              T2=google::protobuf::internal::MicroString::LargeRepKind
          ]
  UpdateAnimConstants.cpp
C:\Users\josep\OneDrive\Documents\onnx_build\_deps\protobuf-src\src\google\protobuf\micro_string.h(83,25): warning C4267: '=': conversion from 'size_t' to 'uint32_t', possible loss of data
C:\Users\josep\OneDrive\Documents\onnx_build\_deps\protobuf-src\src\google\protobuf\micro_string.h(88,20): warning C4267: '=': conversion from 'size_t' to 'uint32_t', possible loss of data
C:\Users\josep\OneDrive\Documents\onnx_build\_deps\protobuf-src\src\google\protobuf\micro_string.h(96,14): warning C4267: '=': conversion from 'size_t' to 'uint32_t', possible loss of data
C:\Users\josep\OneDrive\Documents\onnx_build\_deps\protobuf-src\src\google\protobuf\repeated_ptr_field.h(1626,32): warning C4267: 'argument': conversion from 'size_t' to 'int', possible loss of data
C:\Users\josep\OneDrive\Documents\onnx_build\_deps\protobuf-src\src\google\protobuf\repeated_ptr_field.h(1631,54): warning C4267: 'argument': conversion from 'size_t' to 'int', possible loss of data
C:\Users\josep\OneDrive\Documents\onnx_build\_deps\protobuf-src\src\google\protobuf\repeated_ptr_field.h(1635,54): warning C4267: 'argument': conversion from 'size_t' to 'int', possible loss of data
C:\Users\josep\OneDrive\Documents\onnx_build\_deps\protobuf-src\src\google\protobuf\repeated_field.h(146,42): warning C4267: 'argument': conversion from 'size_t' to 'const _Ty', possible loss of data
          with
          [
              _Ty=int
          ]
C:\Users\josep\OneDrive\Documents\onnx_build\_deps\absl-src\absl\log\internal\check_op.h(425,1): warning C4018: '>=': signed/unsigned mismatch
C:\Users\josep\OneDrive\Documents\onnx_build\_deps\protobuf-src\src\google\protobuf\micro_string.h(77,7): message : see reference to function template instantiation 'const char *absl::lts_20250127::log_internal::Check_GEImpl<unsigned int,T>(const T1 &,const T2 &,const char *)' being compiled
          with
          [
              T=google::protobuf::internal::MicroString::LargeRepKind,
              T1=unsigned int,
              T2=google::protobuf::internal::MicroString::LargeRepKind
          ]
  UpdateLights.cpp
C:\Users\josep\OneDrive\Documents\onnx_build\_deps\protobuf-src\src\google\protobuf\micro_string.h(83,25): warning C4267: '=': conversion from 'size_t' to 'uint32_t', possible loss of data
C:\Users\josep\OneDrive\Documents\onnx_build\_deps\protobuf-src\src\google\protobuf\micro_string.h(88,20): warning C4267: '=': conversion from 'size_t' to 'uint32_t', possible loss of data
C:\Users\josep\OneDrive\Documents\onnx_build\_deps\protobuf-src\src\google\protobuf\micro_string.h(96,14): warning C4267: '=': conversion from 'size_t' to 'uint32_t', possible loss of data
C:\Users\josep\OneDrive\Documents\onnx_build\_deps\protobuf-src\src\google\protobuf\repeated_ptr_field.h(1626,32): warning C4267: 'argument': conversion from 'size_t' to 'int', possible loss of data
C:\Users\josep\OneDrive\Documents\onnx_build\_deps\protobuf-src\src\google\protobuf\repeated_ptr_field.h(1631,54): warning C4267: 'argument': conversion from 'size_t' to 'int', possible loss of data
C:\Users\josep\OneDrive\Documents\onnx_build\_deps\protobuf-src\src\google\protobuf\repeated_ptr_field.h(1635,54): warning C4267: 'argument': conversion from 'size_t' to 'int', possible loss of data
C:\Users\josep\OneDrive\Documents\onnx_build\_deps\protobuf-src\src\google\protobuf\repeated_field.h(146,42): warning C4267: 'argument': conversion from 'size_t' to 'const _Ty', possible loss of data
          with
          [
              _Ty=int
          ]
C:\Users\josep\OneDrive\Documents\onnx_build\_deps\absl-src\absl\log\internal\check_op.h(425,1): warning C4018: '>=': signed/unsigned mismatch
C:\Users\josep\OneDrive\Documents\onnx_build\_deps\protobuf-src\src\google\protobuf\micro_string.h(77,7): message : see reference to function template instantiation 'const char *absl::lts_20250127::log_internal::Check_GEImpl<unsigned int,T>(const T1 &,const T2 &,const char *)' being compiled
          with
          [
              T=google::protobuf::internal::MicroString::LargeRepKind,
              T1=unsigned int,
              T2=google::protobuf::internal::MicroString::LargeRepKind
          ]
  UpdateMainPass.cpp
C:\Users\josep\OneDrive\Documents\onnx_build\_deps\protobuf-src\src\google\protobuf\micro_string.h(83,25): warning C4267: '=': conversion from 'size_t' to 'uint32_t', possible loss of data
C:\Users\josep\OneDrive\Documents\onnx_build\_deps\protobuf-src\src\google\protobuf\micro_string.h(88,20): warning C4267: '=': conversion from 'size_t' to 'uint32_t', possible loss of data
C:\Users\josep\OneDrive\Documents\onnx_build\_deps\protobuf-src\src\google\protobuf\micro_string.h(96,14): warning C4267: '=': conversion from 'size_t' to 'uint32_t', possible loss of data
C:\Users\josep\OneDrive\Documents\onnx_build\_deps\protobuf-src\src\google\protobuf\repeated_ptr_field.h(1626,32): warning C4267: 'argument': conversion from 'size_t' to 'int', possible loss of data
C:\Users\josep\OneDrive\Documents\onnx_build\_deps\protobuf-src\src\google\protobuf\repeated_ptr_field.h(1631,54): warning C4267: 'argument': conversion from 'size_t' to 'int', possible loss of data
C:\Users\josep\OneDrive\Documents\onnx_build\_deps\protobuf-src\src\google\protobuf\repeated_ptr_field.h(1635,54): warning C4267: 'argument': conversion from 'size_t' to 'int', possible loss of data
C:\Users\josep\OneDrive\Documents\onnx_build\_deps\protobuf-src\src\google\protobuf\repeated_field.h(146,42): warning C4267: 'argument': conversion from 'size_t' to 'const _Ty', possible loss of data
          with
          [
              _Ty=int
          ]
C:\Users\josep\OneDrive\Documents\onnx_build\_deps\absl-src\absl\log\internal\check_op.h(425,1): warning C4018: '>=': signed/unsigned mismatch
C:\Users\josep\OneDrive\Documents\onnx_build\_deps\protobuf-src\src\google\protobuf\micro_string.h(77,7): message : see reference to function template instantiation 'const char *absl::lts_20250127::log_internal::Check_GEImpl<unsigned int,T>(const T1 &,const T2 &,const char *)' being compiled
          with
          [
              T=google::protobuf::internal::MicroString::LargeRepKind,
              T1=unsigned int,
              T2=google::protobuf::internal::MicroString::LargeRepKind
          ]
  UpdateMaterialBuffers.cpp
C:\Users\josep\OneDrive\Documents\onnx_build\_deps\protobuf-src\src\google\protobuf\micro_string.h(83,25): warning C4267: '=': conversion from 'size_t' to 'uint32_t', possible loss of data
C:\Users\josep\OneDrive\Documents\onnx_build\_deps\protobuf-src\src\google\protobuf\micro_string.h(88,20): warning C4267: '=': conversion from 'size_t' to 'uint32_t', possible loss of data
C:\Users\josep\OneDrive\Documents\onnx_build\_deps\protobuf-src\src\google\protobuf\micro_string.h(96,14): warning C4267: '=': conversion from 'size_t' to 'uint32_t', possible loss of data
C:\Users\josep\OneDrive\Documents\onnx_build\_deps\protobuf-src\src\google\protobuf\repeated_ptr_field.h(1626,32): warning C4267: 'argument': conversion from 'size_t' to 'int', possible loss of data
C:\Users\josep\OneDrive\Documents\onnx_build\_deps\protobuf-src\src\google\protobuf\repeated_ptr_field.h(1631,54): warning C4267: 'argument': conversion from 'size_t' to 'int', possible loss of data
C:\Users\josep\OneDrive\Documents\onnx_build\_deps\protobuf-src\src\google\protobuf\repeated_ptr_field.h(1635,54): warning C4267: 'argument': conversion from 'size_t' to 'int', possible loss of data
C:\Users\josep\OneDrive\Documents\onnx_build\_deps\protobuf-src\src\google\protobuf\repeated_field.h(146,42): warning C4267: 'argument': conversion from 'size_t' to 'const _Ty', possible loss of data
          with
          [
              _Ty=int
          ]
C:\Users\josep\OneDrive\Documents\onnx_build\_deps\absl-src\absl\log\internal\check_op.h(425,1): warning C4018: '>=': signed/unsigned mismatch
C:\Users\josep\OneDrive\Documents\onnx_build\_deps\protobuf-src\src\google\protobuf\micro_string.h(77,7): message : see reference to function template instantiation 'const char *absl::lts_20250127::log_internal::Check_GEImpl<unsigned int,T>(const T1 &,const T2 &,const char *)' being compiled
          with
          [
              T=google::protobuf::internal::MicroString::LargeRepKind,
              T1=unsigned int,
              T2=google::protobuf::internal::MicroString::LargeRepKind
          ]
  UpdateRadiancePass.cpp
C:\Users\josep\OneDrive\Documents\onnx_build\_deps\protobuf-src\src\google\protobuf\micro_string.h(83,25): warning C4267: '=': conversion from 'size_t' to 'uint32_t', possible loss of data
C:\Users\josep\OneDrive\Documents\onnx_build\_deps\protobuf-src\src\google\protobuf\micro_string.h(88,20): warning C4267: '=': conversion from 'size_t' to 'uint32_t', possible loss of data
C:\Users\josep\OneDrive\Documents\onnx_build\_deps\protobuf-src\src\google\protobuf\micro_string.h(96,14): warning C4267: '=': conversion from 'size_t' to 'uint32_t', possible loss of data
C:\Users\josep\OneDrive\Documents\onnx_build\_deps\protobuf-src\src\google\protobuf\repeated_ptr_field.h(1626,32): warning C4267: 'argument': conversion from 'size_t' to 'int', possible loss of data
C:\Users\josep\OneDrive\Documents\onnx_build\_deps\protobuf-src\src\google\protobuf\repeated_ptr_field.h(1631,54): warning C4267: 'argument': conversion from 'size_t' to 'int', possible loss of data
C:\Users\josep\OneDrive\Documents\onnx_build\_deps\protobuf-src\src\google\protobuf\repeated_ptr_field.h(1635,54): warning C4267: 'argument': conversion from 'size_t' to 'int', possible loss of data
C:\Users\josep\OneDrive\Documents\onnx_build\_deps\protobuf-src\src\google\protobuf\repeated_field.h(146,42): warning C4267: 'argument': conversion from 'size_t' to 'const _Ty', possible loss of data
          with
          [
              _Ty=int
          ]
C:\Users\josep\OneDrive\Documents\onnx_build\_deps\absl-src\absl\log\internal\check_op.h(425,1): warning C4018: '>=': signed/unsigned mismatch
C:\Users\josep\OneDrive\Documents\onnx_build\_deps\protobuf-src\src\google\protobuf\micro_string.h(77,7): message : see reference to function template instantiation 'const char *absl::lts_20250127::log_internal::Check_GEImpl<unsigned int,T>(const T1 &,const T2 &,const char *)' being compiled
          with
          [
              T=google::protobuf::internal::MicroString::LargeRepKind,
              T1=unsigned int,
              T2=google::protobuf::internal::MicroString::LargeRepKind
          ]
  UpdateRenderAssets.cpp
C:\Users\josep\OneDrive\Documents\onnx_build\_deps\protobuf-src\src\google\protobuf\micro_string.h(83,25): warning C4267: '=': conversion from 'size_t' to 'uint32_t', possible loss of data
C:\Users\josep\OneDrive\Documents\onnx_build\_deps\protobuf-src\src\google\protobuf\micro_string.h(88,20): warning C4267: '=': conversion from 'size_t' to 'uint32_t', possible loss of data
C:\Users\josep\OneDrive\Documents\onnx_build\_deps\protobuf-src\src\google\protobuf\micro_string.h(96,14): warning C4267: '=': conversion from 'size_t' to 'uint32_t', possible loss of data
C:\Users\josep\OneDrive\Documents\onnx_build\_deps\protobuf-src\src\google\protobuf\repeated_ptr_field.h(1626,32): warning C4267: 'argument': conversion from 'size_t' to 'int', possible loss of data
C:\Users\josep\OneDrive\Documents\onnx_build\_deps\protobuf-src\src\google\protobuf\repeated_ptr_field.h(1631,54): warning C4267: 'argument': conversion from 'size_t' to 'int', possible loss of data
C:\Users\josep\OneDrive\Documents\onnx_build\_deps\protobuf-src\src\google\protobuf\repeated_ptr_field.h(1635,54): warning C4267: 'argument': conversion from 'size_t' to 'int', possible loss of data
C:\Users\josep\OneDrive\Documents\onnx_build\_deps\protobuf-src\src\google\protobuf\repeated_field.h(146,42): warning C4267: 'argument': conversion from 'size_t' to 'const _Ty', possible loss of data
          with
          [
              _Ty=int
          ]
C:\Users\josep\OneDrive\Documents\onnx_build\_deps\absl-src\absl\log\internal\check_op.h(425,1): warning C4018: '>=': signed/unsigned mismatch
C:\Users\josep\OneDrive\Documents\onnx_build\_deps\protobuf-src\src\google\protobuf\micro_string.h(77,7): message : see reference to function template instantiation 'const char *absl::lts_20250127::log_internal::Check_GEImpl<unsigned int,T>(const T1 &,const T2 &,const char *)' being compiled
          with
          [
              T=google::protobuf::internal::MicroString::LargeRepKind,
              T1=unsigned int,
              T2=google::protobuf::internal::MicroString::LargeRepKind
          ]
  UpdateRenderItems.cpp
C:\Users\josep\OneDrive\Documents\onnx_build\_deps\protobuf-src\src\google\protobuf\micro_string.h(83,25): warning C4267: '=': conversion from 'size_t' to 'uint32_t', possible loss of data
C:\Users\josep\OneDrive\Documents\onnx_build\_deps\protobuf-src\src\google\protobuf\micro_string.h(88,20): warning C4267: '=': conversion from 'size_t' to 'uint32_t', possible loss of data
C:\Users\josep\OneDrive\Documents\onnx_build\_deps\protobuf-src\src\google\protobuf\micro_string.h(96,14): warning C4267: '=': conversion from 'size_t' to 'uint32_t', possible loss of data
C:\Users\josep\OneDrive\Documents\onnx_build\_deps\protobuf-src\src\google\protobuf\repeated_ptr_field.h(1626,32): warning C4267: 'argument': conversion from 'size_t' to 'int', possible loss of data
C:\Users\josep\OneDrive\Documents\onnx_build\_deps\protobuf-src\src\google\protobuf\repeated_ptr_field.h(1631,54): warning C4267: 'argument': conversion from 'size_t' to 'int', possible loss of data
C:\Users\josep\OneDrive\Documents\onnx_build\_deps\protobuf-src\src\google\protobuf\repeated_ptr_field.h(1635,54): warning C4267: 'argument': conversion from 'size_t' to 'int', possible loss of data
C:\Users\josep\OneDrive\Documents\onnx_build\_deps\protobuf-src\src\google\protobuf\repeated_field.h(146,42): warning C4267: 'argument': conversion from 'size_t' to 'const _Ty', possible loss of data
          with
          [
              _Ty=int
          ]
C:\Users\josep\OneDrive\Documents\onnx_build\_deps\absl-src\absl\log\internal\check_op.h(425,1): warning C4018: '>=': signed/unsigned mismatch
C:\Users\josep\OneDrive\Documents\onnx_build\_deps\protobuf-src\src\google\protobuf\micro_string.h(77,7): message : see reference to function template instantiation 'const char *absl::lts_20250127::log_internal::Check_GEImpl<unsigned int,T>(const T1 &,const T2 &,const char *)' being compiled
          with
          [
              T=google::protobuf::internal::MicroString::LargeRepKind,
              T1=unsigned int,
              T2=google::protobuf::internal::MicroString::LargeRepKind
          ]
  UpdateSSCB.cpp
C:\Users\josep\OneDrive\Documents\onnx_build\_deps\protobuf-src\src\google\protobuf\micro_string.h(83,25): warning C4267: '=': conversion from 'size_t' to 'uint32_t', possible loss of data
C:\Users\josep\OneDrive\Documents\onnx_build\_deps\protobuf-src\src\google\protobuf\micro_string.h(88,20): warning C4267: '=': conversion from 'size_t' to 'uint32_t', possible loss of data
C:\Users\josep\OneDrive\Documents\onnx_build\_deps\protobuf-src\src\google\protobuf\micro_string.h(96,14): warning C4267: '=': conversion from 'size_t' to 'uint32_t', possible loss of data
C:\Users\josep\OneDrive\Documents\onnx_build\_deps\protobuf-src\src\google\protobuf\repeated_ptr_field.h(1626,32): warning C4267: 'argument': conversion from 'size_t' to 'int', possible loss of data
C:\Users\josep\OneDrive\Documents\onnx_build\_deps\protobuf-src\src\google\protobuf\repeated_ptr_field.h(1631,54): warning C4267: 'argument': conversion from 'size_t' to 'int', possible loss of data
C:\Users\josep\OneDrive\Documents\onnx_build\_deps\protobuf-src\src\google\protobuf\repeated_ptr_field.h(1635,54): warning C4267: 'argument': conversion from 'size_t' to 'int', possible loss of data
C:\Users\josep\OneDrive\Documents\onnx_build\_deps\protobuf-src\src\google\protobuf\repeated_field.h(146,42): warning C4267: 'argument': conversion from 'size_t' to 'const _Ty', possible loss of data
          with
          [
              _Ty=int
          ]
C:\Users\josep\OneDrive\Documents\onnx_build\_deps\absl-src\absl\log\internal\check_op.h(425,1): warning C4018: '>=': signed/unsigned mismatch
C:\Users\josep\OneDrive\Documents\onnx_build\_deps\protobuf-src\src\google\protobuf\micro_string.h(77,7): message : see reference to function template instantiation 'const char *absl::lts_20250127::log_internal::Check_GEImpl<unsigned int,T>(const T1 &,const T2 &,const char *)' being compiled
          with
          [
              T=google::protobuf::internal::MicroString::LargeRepKind,
              T1=unsigned int,
              T2=google::protobuf::internal::MicroString::LargeRepKind
          ]
  UpdateSSSCB.cpp
C:\Users\josep\OneDrive\Documents\onnx_build\_deps\protobuf-src\src\google\protobuf\micro_string.h(83,25): warning C4267: '=': conversion from 'size_t' to 'uint32_t', possible loss of data
C:\Users\josep\OneDrive\Documents\onnx_build\_deps\protobuf-src\src\google\protobuf\micro_string.h(88,20): warning C4267: '=': conversion from 'size_t' to 'uint32_t', possible loss of data
C:\Users\josep\OneDrive\Documents\onnx_build\_deps\protobuf-src\src\google\protobuf\micro_string.h(96,14): warning C4267: '=': conversion from 'size_t' to 'uint32_t', possible loss of data
C:\Users\josep\OneDrive\Documents\onnx_build\_deps\protobuf-src\src\google\protobuf\repeated_ptr_field.h(1626,32): warning C4267: 'argument': conversion from 'size_t' to 'int', possible loss of data
C:\Users\josep\OneDrive\Documents\onnx_build\_deps\protobuf-src\src\google\protobuf\repeated_ptr_field.h(1631,54): warning C4267: 'argument': conversion from 'size_t' to 'int', possible loss of data
C:\Users\josep\OneDrive\Documents\onnx_build\_deps\protobuf-src\src\google\protobuf\repeated_ptr_field.h(1635,54): warning C4267: 'argument': conversion from 'size_t' to 'int', possible loss of data
C:\Users\josep\OneDrive\Documents\onnx_build\_deps\protobuf-src\src\google\protobuf\repeated_field.h(146,42): warning C4267: 'argument': conversion from 'size_t' to 'const _Ty', possible loss of data
          with
          [
              _Ty=int
          ]
D:\Programming\Research\OpenResearchEngine\Update\UpdateSSSCB.cpp(31,53): warning C4305: 'argument': truncation from 'double' to 'float'
D:\Programming\Research\OpenResearchEngine\Update\UpdateSSSCB.cpp(31,48): warning C4305: 'argument': truncation from 'double' to 'float'
D:\Programming\Research\OpenResearchEngine\Update\UpdateSSSCB.cpp(32,60): warning C4305: 'argument': truncation from 'double' to 'float'
D:\Programming\Research\OpenResearchEngine\Update\UpdateSSSCB.cpp(32,54): warning C4305: 'argument': truncation from 'double' to 'float'
D:\Programming\Research\OpenResearchEngine\Update\UpdateSSSCB.cpp(32,48): warning C4305: 'argument': truncation from 'double' to 'float'
C:\Users\josep\OneDrive\Documents\onnx_build\_deps\absl-src\absl\log\internal\check_op.h(425,1): warning C4018: '>=': signed/unsigned mismatch
C:\Users\josep\OneDrive\Documents\onnx_build\_deps\protobuf-src\src\google\protobuf\micro_string.h(77,7): message : see reference to function template instantiation 'const char *absl::lts_20250127::log_internal::Check_GEImpl<unsigned int,T>(const T1 &,const T2 &,const char *)' being compiled
          with
          [
              T=google::protobuf::internal::MicroString::LargeRepKind,
              T1=unsigned int,
              T2=google::protobuf::internal::MicroString::LargeRepKind
          ]
  UpdateShadowPass.cpp
C:\Users\josep\OneDrive\Documents\onnx_build\_deps\protobuf-src\src\google\protobuf\micro_string.h(83,25): warning C4267: '=': conversion from 'size_t' to 'uint32_t', possible loss of data
C:\Users\josep\OneDrive\Documents\onnx_build\_deps\protobuf-src\src\google\protobuf\micro_string.h(88,20): warning C4267: '=': conversion from 'size_t' to 'uint32_t', possible loss of data
C:\Users\josep\OneDrive\Documents\onnx_build\_deps\protobuf-src\src\google\protobuf\micro_string.h(96,14): warning C4267: '=': conversion from 'size_t' to 'uint32_t', possible loss of data
C:\Users\josep\OneDrive\Documents\onnx_build\_deps\protobuf-src\src\google\protobuf\repeated_ptr_field.h(1626,32): warning C4267: 'argument': conversion from 'size_t' to 'int', possible loss of data
C:\Users\josep\OneDrive\Documents\onnx_build\_deps\protobuf-src\src\google\protobuf\repeated_ptr_field.h(1631,54): warning C4267: 'argument': conversion from 'size_t' to 'int', possible loss of data
C:\Users\josep\OneDrive\Documents\onnx_build\_deps\protobuf-src\src\google\protobuf\repeated_ptr_field.h(1635,54): warning C4267: 'argument': conversion from 'size_t' to 'int', possible loss of data
C:\Users\josep\OneDrive\Documents\onnx_build\_deps\protobuf-src\src\google\protobuf\repeated_field.h(146,42): warning C4267: 'argument': conversion from 'size_t' to 'const _Ty', possible loss of data
          with
          [
              _Ty=int
          ]
C:\Users\josep\OneDrive\Documents\onnx_build\_deps\absl-src\absl\log\internal\check_op.h(425,1): warning C4018: '>=': signed/unsigned mismatch
C:\Users\josep\OneDrive\Documents\onnx_build\_deps\protobuf-src\src\google\protobuf\micro_string.h(77,7): message : see reference to function template instantiation 'const char *absl::lts_20250127::log_internal::Check_GEImpl<unsigned int,T>(const T1 &,const T2 &,const char *)' being compiled
          with
          [
              T=google::protobuf::internal::MicroString::LargeRepKind,
              T1=unsigned int,
              T2=google::protobuf::internal::MicroString::LargeRepKind
          ]
  Generating Code...
  Compiling...
  OnnxModelResource.cpp
C:\Users\josep\OneDrive\Documents\onnx_build\_deps\protobuf-src\src\google\protobuf\micro_string.h(83,25): warning C4267: '=': conversion from 'size_t' to 'uint32_t', possible loss of data
C:\Users\josep\OneDrive\Documents\onnx_build\_deps\protobuf-src\src\google\protobuf\micro_string.h(88,20): warning C4267: '=': conversion from 'size_t' to 'uint32_t', possible loss of data
C:\Users\josep\OneDrive\Documents\onnx_build\_deps\protobuf-src\src\google\protobuf\micro_string.h(96,14): warning C4267: '=': conversion from 'size_t' to 'uint32_t', possible loss of data
C:\Users\josep\OneDrive\Documents\onnx_build\_deps\protobuf-src\src\google\protobuf\repeated_ptr_field.h(1626,32): warning C4267: 'argument': conversion from 'size_t' to 'int', possible loss of data
C:\Users\josep\OneDrive\Documents\onnx_build\_deps\protobuf-src\src\google\protobuf\repeated_ptr_field.h(1631,54): warning C4267: 'argument': conversion from 'size_t' to 'int', possible loss of data
C:\Users\josep\OneDrive\Documents\onnx_build\_deps\protobuf-src\src\google\protobuf\repeated_ptr_field.h(1635,54): warning C4267: 'argument': conversion from 'size_t' to 'int', possible loss of data
C:\Users\josep\OneDrive\Documents\onnx_build\_deps\protobuf-src\src\google\protobuf\repeated_field.h(146,42): warning C4267: 'argument': conversion from 'size_t' to 'const _Ty', possible loss of data
          with
          [
              _Ty=int
          ]
D:\Programming\Research\OpenResearchEngine\Utilities\OnnxModelResource.cpp(474,44): warning C4244: 'argument': conversion from 'int64_t' to 'UINT', possible loss of data
D:\Programming\Research\OpenResearchEngine\Utilities\OnnxModelResource.cpp(473,63): warning C4244: 'argument': conversion from 'int64_t' to 'UINT', possible loss of data
D:\Programming\Research\OpenResearchEngine\Utilities\OnnxModelResource.cpp(501,66): warning C4267: 'argument': conversion from 'size_t' to 'UINT', possible loss of data
D:\Programming\Research\OpenResearchEngine\Utilities\OnnxModelResource.cpp(535,66): warning C4267: 'argument': conversion from 'size_t' to 'UINT', possible loss of data
D:\Programming\Research\OpenResearchEngine\Utilities\OnnxModelResource.cpp(560,66): warning C4267: 'argument': conversion from 'size_t' to 'UINT', possible loss of data
D:\Programming\Research\OpenResearchEngine\Utilities\OnnxModelResource.cpp(585,66): warning C4267: 'argument': conversion from 'size_t' to 'UINT', possible loss of data
C:\Users\josep\OneDrive\Documents\onnx_build\_deps\absl-src\absl\log\internal\check_op.h(425,1): warning C4018: '>=': signed/unsigned mismatch
C:\Users\josep\OneDrive\Documents\onnx_build\_deps\protobuf-src\src\google\protobuf\micro_string.h(77,7): message : see reference to function template instantiation 'const char *absl::lts_20250127::log_internal::Check_GEImpl<unsigned int,T>(const T1 &,const T2 &,const char *)' being compiled
          with
          [
              T=google::protobuf::internal::MicroString::LargeRepKind,
              T1=unsigned int,
              T2=google::protobuf::internal::MicroString::LargeRepKind
          ]
  Generating Code...
  OpenResearchEngine.vcxproj -> D:\Programming\Research\OpenResearchEngine\x64\Debug\OpenResearchEngine.exe
  D:\Programming\Research\OpenResearchEngine\Shaders\Composite.hlsl
  D:\Programming\Research\OpenResearchEngine\Shaders\ComputeBlendshapes.hlsl
  D:\Programming\Research\OpenResearchEngine\Shaders\ComputeConstraintSolve.hlsl
  D:\Programming\Research\OpenResearchEngine\Shaders\ComputeForce.hlsl
  D:\Programming\Research\OpenResearchEngine\Shaders\ComputeMeshTransfer.hlsl
  D:\Programming\Research\OpenResearchEngine\Shaders\ComputePostSolve.hlsl
  D:\Programming\Research\OpenResearchEngine\Shaders\ComputePreSolve.hlsl
  D:\Programming\Research\OpenResearchEngine\Shaders\ComputeSimMeshTransfer.hlsl
  D:\Programming\Research\OpenResearchEngine\Shaders\ComputeSkinning.hlsl
  D:\Programming\Research\OpenResearchEngine\Shaders\ComputeTension.hlsl
  D:\Programming\Research\OpenResearchEngine\Shaders\ComputeTriangleNormals.hlsl
  D:\Programming\Research\OpenResearchEngine\Shaders\ComputeVertexNormals.hlsl
  D:\Programming\Research\OpenResearchEngine\Shaders\EdgeBlur.hlsl
  D:\Programming\Research\OpenResearchEngine\Shaders\GBuffer.hlsl
  D:\Programming\Research\OpenResearchEngine\Shaders\Lighting.hlsl
  D:\Programming\Research\OpenResearchEngine\Shaders\LightingUtil.hlsl
  D:\Programming\Research\OpenResearchEngine\Shaders\PoissonBlur.hlsl
  D:\Programming\Research\OpenResearchEngine\Shaders\Radiance.hlsl
  D:\Programming\Research\OpenResearchEngine\Shaders\RadianceUtil.hlsl
  D:\Programming\Research\OpenResearchEngine\Shaders\RtxcrBsdf.hlsli
  D:\Programming\Research\OpenResearchEngine\Shaders\RtxcrMath.hlsli
  D:\Programming\Research\OpenResearchEngine\Shaders\Shadows.hlsl
  D:\Programming\Research\OpenResearchEngine\Shaders\Ssao.hlsl
  D:\Programming\Research\OpenResearchEngine\Shaders\Ssgi.hlsl
  D:\Programming\Research\OpenResearchEngine\Shaders\Sss.hlsl
  25 File(s) copied
  D:\Programming\Research\OpenResearchEngine\Shaders\ML\Gemm.hlsl
  D:\Programming\Research\OpenResearchEngine\Shaders\ML\LeakyReLU.hlsl
  D:\Programming\Research\OpenResearchEngine\Shaders\ML\ReLU.hlsl
  D:\Programming\Research\OpenResearchEngine\Shaders\ML\Sigmoid.hlsl
  D:\Programming\Research\OpenResearchEngine\Shaders\ML\Softmax.hlsl
  D:\Programming\Research\OpenResearchEngine\Shaders\ML\Tanh.hlsl
  6 File(s) copied
  D:\Programming\Research\OpenResearchEngine\Levels\DemoLevel.json
  D:\Programming\Research\OpenResearchEngine\Levels\DemoLevelOld.json
  2 File(s) copied
  D:\Programming\Research\OpenResearchEngine\Textures\bricks.dds
  D:\Programming\Research\OpenResearchEngine\Textures\bricks2.dds
  D:\Programming\Research\OpenResearchEngine\Textures\bricks2_nmap.dds
  D:\Programming\Research\OpenResearchEngine\Textures\bricks3.dds
  D:\Programming\Research\OpenResearchEngine\Textures\bricks_nmap.dds
  D:\Programming\Research\OpenResearchEngine\Textures\checkboard.dds
  D:\Programming\Research\OpenResearchEngine\Textures\default_diffuse.dds
  D:\Programming\Research\OpenResearchEngine\Textures\default_nmap.dds
  D:\Programming\Research\OpenResearchEngine\Textures\desertcube1024.dds
  D:\Programming\Research\OpenResearchEngine\Textures\face_albedo.dds
  D:\Programming\Research\OpenResearchEngine\Textures\face_normal.dds
  D:\Programming\Research\OpenResearchEngine\Textures\face_reflection.dds
  D:\Programming\Research\OpenResearchEngine\Textures\face_roughness.dds
  D:\Programming\Research\OpenResearchEngine\Textures\grass.dds
  D:\Programming\Research\OpenResearchEngine\Textures\grasscube1024.dds
  D:\Programming\Research\OpenResearchEngine\Textures\head_diff.dds
  D:\Programming\Research\OpenResearchEngine\Textures\head_norm.dds
  D:\Programming\Research\OpenResearchEngine\Textures\ice.dds
  D:\Programming\Research\OpenResearchEngine\Textures\jacket_diff.dds
  D:\Programming\Research\OpenResearchEngine\Textures\jacket_norm.dds
  D:\Programming\Research\OpenResearchEngine\Textures\pants_diff.dds
  D:\Programming\Research\OpenResearchEngine\Textures\pants_norm.dds
  D:\Programming\Research\OpenResearchEngine\Textures\skycube.dds
  D:\Programming\Research\OpenResearchEngine\Textures\snowcube1024.dds
  D:\Programming\Research\OpenResearchEngine\Textures\stone.dds
  D:\Programming\Research\OpenResearchEngine\Textures\sunsetcube1024.dds
  D:\Programming\Research\OpenResearchEngine\Textures\test.dds
  D:\Programming\Research\OpenResearchEngine\Textures\tile.dds
  D:\Programming\Research\OpenResearchEngine\Textures\tile_nmap.dds
  D:\Programming\Research\OpenResearchEngine\Textures\tree0.bmp
  D:\Programming\Research\OpenResearchEngine\Textures\tree01S.dds
  D:\Programming\Research\OpenResearchEngine\Textures\tree02S.dds
  D:\Programming\Research\OpenResearchEngine\Textures\tree1.bmp
  D:\Programming\Research\OpenResearchEngine\Textures\tree2.bmp
  D:\Programming\Research\OpenResearchEngine\Textures\tree35S.dds
  D:\Programming\Research\OpenResearchEngine\Textures\treearray.dds
  D:\Programming\Research\OpenResearchEngine\Textures\treeArray2.dds
  D:\Programming\Research\OpenResearchEngine\Textures\upBody_diff.dds
  D:\Programming\Research\OpenResearchEngine\Textures\upbody_norm.dds
  D:\Programming\Research\OpenResearchEngine\Textures\water1.dds
  D:\Programming\Research\OpenResearchEngine\Textures\WireFence.dds
  D:\Programming\Research\OpenResearchEngine\Textures\WoodCrate01.dds
  D:\Programming\Research\OpenResearchEngine\Textures\WoodCrate02.dds
  43 File(s) copied
  D:\Programming\Research\OpenResearchEngine\Models\blendshapes.fbx
  D:\Programming\Research\OpenResearchEngine\Models\directionallight.obj
  D:\Programming\Research\OpenResearchEngine\Models\facerom.fbx
  D:\Programming\Research\OpenResearchEngine\Models\hiresrom.fbx
  D:\Programming\Research\OpenResearchEngine\Models\plane.fbx
  D:\Programming\Research\OpenResearchEngine\Models\plane2.fbx
  D:\Programming\Research\OpenResearchEngine\Models\pointlight.obj
  D:\Programming\Research\OpenResearchEngine\Models\rom.fbx
  D:\Programming\Research\OpenResearchEngine\Models\soldier.m3d
  D:\Programming\Research\OpenResearchEngine\Models\spotlight.obj
  D:\Programming\Research\OpenResearchEngine\Models\test.fbx
  D:\Programming\Research\OpenResearchEngine\Models\test.jpg
  D:\Programming\Research\OpenResearchEngine\Models\test2.fbx
  D:\Programming\Research\OpenResearchEngine\Models\testVertexColor.png
  14 File(s) copied
  D:\Programming\Research\OpenResearchEngine\Onnx\test.onnx
  1 File(s) copied
