  PushLights.cpp
D:\Programming\Research\OpenResearchEngine\Render\Resources\Ssao.h(50,63): error C2065: 'cmdList': undeclared identifier
  (compiling source file 'Build/PushLights.cpp')
  
D:\Programming\Research\OpenResearchEngine\Render\Resources\Ssao.h(50,10): error C2182: '<alignment member>': this use of 'void' is not valid
  (compiling source file 'Build/PushLights.cpp')
  
  BuildScene.cpp
D:\Programming\Research\OpenResearchEngine\Render\Resources\Ssao.h(50,63): error C2065: 'cmdList': undeclared identifier
  (compiling source file 'Build/BuildScene.cpp')
  
D:\Programming\Research\OpenResearchEngine\Render\Resources\Ssao.h(50,10): error C2182: '<alignment member>': this use of 'void' is not valid
  (compiling source file 'Build/BuildScene.cpp')
  
  PopulateDescriptorHeaps.cpp
  SetFenceResources.cpp
  PushMaterials.cpp
D:\Programming\Research\OpenResearchEngine\Build\PushMaterials.cpp(169,124): warning C4244: 'argument': conversion from 'const _Ty' to 'float', possible loss of data
D:\Programming\Research\OpenResearchEngine\Build\PushMaterials.cpp(169,124): warning C4244:         with
D:\Programming\Research\OpenResearchEngine\Build\PushMaterials.cpp(169,124): warning C4244:         [
D:\Programming\Research\OpenResearchEngine\Build\PushMaterials.cpp(169,124): warning C4244:             _Ty=double
D:\Programming\Research\OpenResearchEngine\Build\PushMaterials.cpp(169,124): warning C4244:         ]
D:\Programming\Research\OpenResearchEngine\Build\PushMaterials.cpp(169,103): warning C4244: 'argument': conversion from 'const _Ty' to 'float', possible loss of data
D:\Programming\Research\OpenResearchEngine\Build\PushMaterials.cpp(169,103): warning C4244:         with
D:\Programming\Research\OpenResearchEngine\Build\PushMaterials.cpp(169,103): warning C4244:         [
D:\Programming\Research\OpenResearchEngine\Build\PushMaterials.cpp(169,103): warning C4244:             _Ty=double
D:\Programming\Research\OpenResearchEngine\Build\PushMaterials.cpp(169,103): warning C4244:         ]
D:\Programming\Research\OpenResearchEngine\Build\PushMaterials.cpp(169,82): warning C4244: 'argument': conversion from 'const _Ty' to 'float', possible loss of data
D:\Programming\Research\OpenResearchEngine\Build\PushMaterials.cpp(169,82): warning C4244:         with
D:\Programming\Research\OpenResearchEngine\Build\PushMaterials.cpp(169,82): warning C4244:         [
D:\Programming\Research\OpenResearchEngine\Build\PushMaterials.cpp(169,82): warning C4244:             _Ty=double
D:\Programming\Research\OpenResearchEngine\Build\PushMaterials.cpp(169,82): warning C4244:         ]
D:\Programming\Research\OpenResearchEngine\Build\PushMaterials.cpp(169,61): warning C4244: 'argument': conversion from 'const _Ty' to 'float', possible loss of data
D:\Programming\Research\OpenResearchEngine\Build\PushMaterials.cpp(169,61): warning C4244:         with
D:\Programming\Research\OpenResearchEngine\Build\PushMaterials.cpp(169,61): warning C4244:         [
D:\Programming\Research\OpenResearchEngine\Build\PushMaterials.cpp(169,61): warning C4244:             _Ty=double
D:\Programming\Research\OpenResearchEngine\Build\PushMaterials.cpp(169,61): warning C4244:         ]
D:\Programming\Research\OpenResearchEngine\Build\PushMaterials.cpp(178,114): warning C4244: 'argument': conversion from 'const _Ty' to 'float', possible loss of data
D:\Programming\Research\OpenResearchEngine\Build\PushMaterials.cpp(178,114): warning C4244:         with
D:\Programming\Research\OpenResearchEngine\Build\PushMaterials.cpp(178,114): warning C4244:         [
D:\Programming\Research\OpenResearchEngine\Build\PushMaterials.cpp(178,114): warning C4244:             _Ty=double
D:\Programming\Research\OpenResearchEngine\Build\PushMaterials.cpp(178,114): warning C4244:         ]
D:\Programming\Research\OpenResearchEngine\Build\PushMaterials.cpp(178,88): warning C4244: 'argument': conversion from 'const _Ty' to 'float', possible loss of data
D:\Programming\Research\OpenResearchEngine\Build\PushMaterials.cpp(178,88): warning C4244:         with
D:\Programming\Research\OpenResearchEngine\Build\PushMaterials.cpp(178,88): warning C4244:         [
D:\Programming\Research\OpenResearchEngine\Build\PushMaterials.cpp(178,88): warning C4244:             _Ty=double
D:\Programming\Research\OpenResearchEngine\Build\PushMaterials.cpp(178,88): warning C4244:         ]
D:\Programming\Research\OpenResearchEngine\Build\PushMaterials.cpp(178,62): warning C4244: 'argument': conversion from 'const _Ty' to 'float', possible loss of data
D:\Programming\Research\OpenResearchEngine\Build\PushMaterials.cpp(178,62): warning C4244:         with
D:\Programming\Research\OpenResearchEngine\Build\PushMaterials.cpp(178,62): warning C4244:         [
D:\Programming\Research\OpenResearchEngine\Build\PushMaterials.cpp(178,62): warning C4244:             _Ty=double
D:\Programming\Research\OpenResearchEngine\Build\PushMaterials.cpp(178,62): warning C4244:         ]
D:\Programming\Research\OpenResearchEngine\Build\PushMaterials.cpp(187,32): warning C4244: '=': conversion from 'const double' to 'float', possible loss of data
  PushMesh.cpp
  SetPipelineStates.cpp
  PushRenderItems.cpp
  SetGenericRootSignature.cpp
  CompileShader.cpp
  SetRenderPassResources.cpp
  SetRootSignatures.cpp
  ImportTextures.cpp
  SerializeLevel.cpp
  imgui_impl_dx12.cpp
  imgui_impl_win32.cpp
  Camera.cpp
  D3DApp.cpp
